Error: No feasible point is found for nonlinear inequality
constraints and linear equality constraints
