[10](10,5,-3,5,4,-2,8,4,1,0)
f(t) / t ∈ [0.3000,0.4286] (spline) (differentiable function)
[2](-0.333333,3.83817)
[10](0,0.166667,0.666667,0.166667,0,0,0,0,0,0)
[10](0.1215,0.657167,0.221167,0.000166667,0,0,0,0,0,0)
[2,10]((0,0.166667,0.666667,0.166667,0,0,0,0,0,0), (0.1215,0.657167,0.221167,0.000166667,0,0,0,0,0,0))
f(t) / t ∈ [0.3000,0.4286] (spline) (finite differences):
  Wrapped function: f(t) / t ∈ [0.3000,0.4286] (spline) (differentiable function)
[2](-0.333333,3.83817)
[10](0,0.166669,0.666668,0.166669,0,0,0,0,0,0)
[10](0.1215,0.657166,0.221168,0.000166445,0,0,0,0,0,0)
[2,10]((0,0.166669,0.666668,0.166669,0,0,0,0,0,0), (0.1215,0.657166,0.221168,0.000166445,0,0,0,0,0,0))
