#!/usr/bin/env python
# Generated by roboptim-core
import matplotlib
import matplotlib.pyplot as plt
import numpy as np

fig = plt.figure ()

ax1 = plt.subplot(3, 1, 1)
CubicBspline11D = np.array ([(0.00000000, 1.00000000), (0.00500000, 1.81153067), (0.01000000, 2.56744533), (0.01500000, 3.26972800), (0.02000000, 3.92036267), (0.02500000, 4.52133333), (0.03000000, 5.07462400), (0.03500000, 5.58221867), (0.04000000, 6.04610133), (0.04500000, 6.46825600), (0.05000000, 6.85066667), (0.05500000, 7.19531733), (0.06000000, 7.50419200), (0.06500000, 7.77927467), (0.07000000, 8.02254933), (0.07500000, 8.23600000), (0.08000000, 8.42161067), (0.08500000, 8.58136533), (0.09000000, 8.71724800), (0.09500000, 8.83124267), (0.10000000, 8.92533333), (0.10500000, 9.00150400), (0.11000000, 9.06173867), (0.11500000, 9.10802133), (0.12000000, 9.14233600), (0.12500000, 9.16666667), (0.13000000, 9.18270933), (0.13500000, 9.19100800), (0.14000000, 9.19181867), (0.14500000, 9.18539733), (0.15000000, 9.17200000), (0.15500000, 9.15188267), (0.16000000, 9.12530133), (0.16500000, 9.09251200), (0.17000000, 9.05377067), (0.17500000, 9.00933333), (0.18000000, 8.95945600), (0.18500000, 8.90439467), (0.19000000, 8.84440533), (0.19500000, 8.77974400), (0.20000000, 8.71066667), (0.20500000, 8.63742933), (0.21000000, 8.56028800), (0.21500000, 8.47949867), (0.22000000, 8.39531733), (0.22500000, 8.30800000), (0.23000000, 8.21780267), (0.23500000, 8.12498133), (0.24000000, 8.02979200), (0.24500000, 7.93249067), (0.25000000, 7.83333333), (0.25500000, 7.73262933), (0.26000000, 7.63090133), (0.26500000, 7.52872533), (0.27000000, 7.42667733), (0.27500000, 7.32533333), (0.28000000, 7.22526933), (0.28500000, 7.12706133), (0.29000000, 7.03128533), (0.29500000, 6.93851733), (0.30000000, 6.84933333), (0.30500000, 6.76430933), (0.31000000, 6.68402133), (0.31500000, 6.60904533), (0.32000000, 6.53995733), (0.32500000, 6.47733333), (0.33000000, 6.42174933), (0.33500000, 6.37378133), (0.34000000, 6.33400533), (0.34500000, 6.30299733), (0.35000000, 6.28133333), (0.35500000, 6.26958933), (0.36000000, 6.26834133), (0.36500000, 6.27816533), (0.37000000, 6.29963733), (0.37500000, 6.33333333), (0.38000000, 6.37948800), (0.38500000, 6.43697067), (0.39000000, 6.50430933), (0.39500000, 6.58003200), (0.40000000, 6.66266667), (0.40500000, 6.75074133), (0.41000000, 6.84278400), (0.41500000, 6.93732267), (0.42000000, 7.03288533), (0.42500000, 7.12800000), (0.43000000, 7.22119467), (0.43500000, 7.31099733), (0.44000000, 7.39593600), (0.44500000, 7.47453867), (0.45000000, 7.54533333), (0.45500000, 7.60684800), (0.46000000, 7.65761067), (0.46500000, 7.69614933), (0.47000000, 7.72099200), (0.47500000, 7.73066667), (0.48000000, 7.72370133), (0.48500000, 7.69862400), (0.49000000, 7.65396267), (0.49500000, 7.58824533), (0.50000000, 7.50000000), (0.50500000, 7.38828800), (0.51000000, 7.25430400), (0.51500000, 7.09977600), (0.52000000, 6.92643200), (0.52500000, 6.73600000), (0.53000000, 6.53020800), (0.53500000, 6.31078400), (0.54000000, 6.07945600), (0.54500000, 5.83795200), (0.55000000, 5.58800000), (0.55500000, 5.33132800), (0.56000000, 5.06966400), (0.56500000, 4.80473600), (0.57000000, 4.53827200), (0.57500000, 4.27200000), (0.58000000, 4.00764800), (0.58500000, 3.74694400), (0.59000000, 3.49161600), (0.59500000, 3.24339200), (0.60000000, 3.00400000), (0.60500000, 2.77516800), (0.61000000, 2.55862400), (0.61500000, 2.35609600), (0.62000000, 2.16931200), (0.62500000, 2.00000000), (0.63000000, 1.84948267), (0.63500000, 1.71746133), (0.64000000, 1.60323200), (0.64500000, 1.50609067), (0.65000000, 1.42533333), (0.65500000, 1.36025600), (0.66000000, 1.31015467), (0.66500000, 1.27432533), (0.67000000, 1.25206400), (0.67500000, 1.24266667), (0.68000000, 1.24542933), (0.68500000, 1.25964800), (0.69000000, 1.28461867), (0.69500000, 1.31963733), (0.70000000, 1.36400000), (0.70500000, 1.41700267), (0.71000000, 1.47794133), (0.71500000, 1.54611200), (0.72000000, 1.62081067), (0.72500000, 1.70133333), (0.73000000, 1.78697600), (0.73500000, 1.87703467), (0.74000000, 1.97080533), (0.74500000, 2.06758400), (0.75000000, 2.16666667), (0.75500000, 2.26750400), (0.76000000, 2.37016533), (0.76500000, 2.47487467), (0.77000000, 2.58185600), (0.77500000, 2.69133333), (0.78000000, 2.80353067), (0.78500000, 2.91867200), (0.79000000, 3.03698133), (0.79500000, 3.15868267), (0.80000000, 3.28400000), (0.80500000, 3.41315733), (0.81000000, 3.54637867), (0.81500000, 3.68388800), (0.82000000, 3.82590933), (0.82500000, 3.97266667), (0.83000000, 4.12438400), (0.83500000, 4.28128533), (0.84000000, 4.44359467), (0.84500000, 4.61153600), (0.85000000, 4.78533333), (0.85500000, 4.96521067), (0.86000000, 5.15139200), (0.86500000, 5.34410133), (0.87000000, 5.54356267), (0.87500000, 5.75000000), (0.88000000, 5.96275200), (0.88500000, 6.17761600), (0.89000000, 6.38950400), (0.89500000, 6.59332800), (0.90000000, 6.78400000), (0.90500000, 6.95643200), (0.91000000, 7.10553600), (0.91500000, 7.22622400), (0.92000000, 7.31340800), (0.92500000, 7.36200000), (0.93000000, 7.36691200), (0.93500000, 7.32305600), (0.94000000, 7.22534400), (0.94500000, 7.06868800), (0.95000000, 6.84800000), (0.95500000, 6.55819200), (0.96000000, 6.19417600), (0.96500000, 5.75086400), (0.97000000, 5.22316800), (0.97500000, 4.60600000), (0.98000000, 3.89427200), (0.98500000, 3.08289600), (0.99000000, 2.16678400), (0.99500000, 1.14084800), (1.00000000, 0.00000000)])
CP = np.array([])
plt.plot(CubicBspline11D[:,0], CubicBspline11D[:,1], label="Cubic B-spline 1 (1D)", color='b')
plt.hlines(1, 0, 0.125, lw=2, color='c')
plt.hlines(9.16667, 0, 0.125, lw=2, color='g')
plt.axvline(0, ls='--', color='gray')
plt.hlines(7.83333, 0.125, 0.25, lw=2, color='c')
plt.hlines(9.19238, 0.125, 0.25, lw=2, color='g')
plt.axvline(0.125, ls='--', color='gray')
plt.hlines(6.26754, 0.25, 0.375, lw=2, color='c')
plt.hlines(7.83333, 0.25, 0.375, lw=2, color='g')
plt.axvline(0.25, ls='--', color='gray')
plt.hlines(6.33333, 0.375, 0.5, lw=2, color='c')
plt.hlines(7.73074, 0.375, 0.5, lw=2, color='g')
plt.axvline(0.375, ls='--', color='gray')
plt.hlines(2, 0.5, 0.625, lw=2, color='c')
plt.hlines(7.5, 0.5, 0.625, lw=2, color='g')
plt.axvline(0.5, ls='--', color='gray')
plt.hlines(1.24224, 0.625, 0.75, lw=2, color='c')
plt.hlines(2.16667, 0.625, 0.75, lw=2, color='g')
plt.axvline(0.625, ls='--', color='gray')
plt.hlines(2.16667, 0.75, 0.875, lw=2, color='c')
plt.hlines(5.75, 0.75, 0.875, lw=2, color='g')
plt.axvline(0.75, ls='--', color='gray')
plt.hlines(-1.42109e-14, 0.875, 1, lw=2, color='c')
plt.hlines(7.37052, 0.875, 1, lw=2, color='g')
plt.axvline(0.875, ls='--', color='gray')

box = ax1.get_position()
ax1.set_position([box.x0, box.y0, box.width * 0.8, box.height])
ax1.legend(loc='center left', bbox_to_anchor=(1, 0.5))
plt.title("Cubic B-spline (1D), with P4 = {2.5, 10}")
ax2 = plt.subplot(3, 1, 2)
CubicBspline22D = np.array ([(0.00000000, 0.00000000, 1.00000000), (0.00500000, 0.05881333, 1.81153067), (0.01000000, 0.11530667, 2.56744533), (0.01500000, 0.16956000, 3.26972800), (0.02000000, 0.22165333, 3.92036267), (0.02500000, 0.27166667, 4.52133333), (0.03000000, 0.31968000, 5.07462400), (0.03500000, 0.36577333, 5.58221867), (0.04000000, 0.41002667, 6.04610133), (0.04500000, 0.45252000, 6.46825600), (0.05000000, 0.49333333, 6.85066667), (0.05500000, 0.53254667, 7.19531733), (0.06000000, 0.57024000, 7.50419200), (0.06500000, 0.60649333, 7.77927467), (0.07000000, 0.64138667, 8.02254933), (0.07500000, 0.67500000, 8.23600000), (0.08000000, 0.70741333, 8.42161067), (0.08500000, 0.73870667, 8.58136533), (0.09000000, 0.76896000, 8.71724800), (0.09500000, 0.79825333, 8.83124267), (0.10000000, 0.82666667, 8.92533333), (0.10500000, 0.85428000, 9.00150400), (0.11000000, 0.88117333, 9.06173867), (0.11500000, 0.90742667, 9.10802133), (0.12000000, 0.93312000, 9.14233600), (0.12500000, 0.95833333, 9.16666667), (0.13000000, 0.98313600, 9.18270933), (0.13500000, 1.00755467, 9.19100800), (0.14000000, 1.03160533, 9.19181867), (0.14500000, 1.05530400, 9.18539733), (0.15000000, 1.07866667, 9.17200000), (0.15500000, 1.10170933, 9.15188267), (0.16000000, 1.12444800, 9.12530133), (0.16500000, 1.14689867, 9.09251200), (0.17000000, 1.16907733, 9.05377067), (0.17500000, 1.19100000, 9.00933333), (0.18000000, 1.21268267, 8.95945600), (0.18500000, 1.23414133, 8.90439467), (0.19000000, 1.25539200, 8.84440533), (0.19500000, 1.27645067, 8.77974400), (0.20000000, 1.29733333, 8.71066667), (0.20500000, 1.31805600, 8.63742933), (0.21000000, 1.33863467, 8.56028800), (0.21500000, 1.35908533, 8.47949867), (0.22000000, 1.37942400, 8.39531733), (0.22500000, 1.39966667, 8.30800000), (0.23000000, 1.41982933, 8.21780267), (0.23500000, 1.43992800, 8.12498133), (0.24000000, 1.45997867, 8.02979200), (0.24500000, 1.47999733, 7.93249067), (0.25000000, 1.50000000, 7.83333333), (0.25500000, 1.52000000, 7.73253333), (0.26000000, 1.54000000, 7.63013333), (0.26500000, 1.56000000, 7.52613333), (0.27000000, 1.58000000, 7.42053333), (0.27500000, 1.60000000, 7.31333333), (0.28000000, 1.62000000, 7.20453333), (0.28500000, 1.64000000, 7.09413333), (0.29000000, 1.66000000, 6.98213333), (0.29500000, 1.68000000, 6.86853333), (0.30000000, 1.70000000, 6.75333333), (0.30500000, 1.72000000, 6.63653333), (0.31000000, 1.74000000, 6.51813333), (0.31500000, 1.76000000, 6.39813333), (0.32000000, 1.78000000, 6.27653333), (0.32500000, 1.80000000, 6.15333333), (0.33000000, 1.82000000, 6.02853333), (0.33500000, 1.84000000, 5.90213333), (0.34000000, 1.86000000, 5.77413333), (0.34500000, 1.88000000, 5.64453333), (0.35000000, 1.90000000, 5.51333333), (0.35500000, 1.92000000, 5.38053333), (0.36000000, 1.94000000, 5.24613333), (0.36500000, 1.96000000, 5.11013333), (0.37000000, 1.98000000, 4.97253333), (0.37500000, 2.00000000, 4.83333333), (0.38000000, 2.02000000, 4.69257600), (0.38500000, 2.04000000, 4.55047467), (0.39000000, 2.06000000, 4.40728533), (0.39500000, 2.08000000, 4.26326400), (0.40000000, 2.10000000, 4.11866667), (0.40500000, 2.12000000, 3.97374933), (0.41000000, 2.14000000, 3.82876800), (0.41500000, 2.16000000, 3.68397867), (0.42000000, 2.18000000, 3.53963733), (0.42500000, 2.20000000, 3.39600000), (0.43000000, 2.22000000, 3.25332267), (0.43500000, 2.24000000, 3.11186133), (0.44000000, 2.26000000, 2.97187200), (0.44500000, 2.28000000, 2.83361067), (0.45000000, 2.30000000, 2.69733333), (0.45500000, 2.32000000, 2.56329600), (0.46000000, 2.34000000, 2.43175467), (0.46500000, 2.36000000, 2.30296533), (0.47000000, 2.38000000, 2.17718400), (0.47500000, 2.40000000, 2.05466667), (0.48000000, 2.42000000, 1.93566933), (0.48500000, 2.44000000, 1.82044800), (0.49000000, 2.46000000, 1.70925867), (0.49500000, 2.48000000, 1.60235733), (0.50000000, 2.50000000, 1.50000000), (0.50500000, 2.52000000, 1.40240000), (0.51000000, 2.54000000, 1.30960000), (0.51500000, 2.56000000, 1.22160000), (0.52000000, 2.58000000, 1.13840000), (0.52500000, 2.60000000, 1.06000000), (0.53000000, 2.62000000, 0.98640000), (0.53500000, 2.64000000, 0.91760000), (0.54000000, 2.66000000, 0.85360000), (0.54500000, 2.68000000, 0.79440000), (0.55000000, 2.70000000, 0.74000000), (0.55500000, 2.72000000, 0.69040000), (0.56000000, 2.74000000, 0.64560000), (0.56500000, 2.76000000, 0.60560000), (0.57000000, 2.78000000, 0.57040000), (0.57500000, 2.80000000, 0.54000000), (0.58000000, 2.82000000, 0.51440000), (0.58500000, 2.84000000, 0.49360000), (0.59000000, 2.86000000, 0.47760000), (0.59500000, 2.88000000, 0.46640000), (0.60000000, 2.90000000, 0.46000000), (0.60500000, 2.92000000, 0.45840000), (0.61000000, 2.94000000, 0.46160000), (0.61500000, 2.96000000, 0.46960000), (0.62000000, 2.98000000, 0.48240000), (0.62500000, 3.00000000, 0.50000000), (0.63000000, 3.02000000, 0.52237867), (0.63500000, 3.04000000, 0.54942933), (0.64000000, 3.06000000, 0.58102400), (0.64500000, 3.08000000, 0.61703467), (0.65000000, 3.10000000, 0.65733333), (0.65500000, 3.12000000, 0.70179200), (0.66000000, 3.14000000, 0.75028267), (0.66500000, 3.16000000, 0.80267733), (0.67000000, 3.18000000, 0.85884800), (0.67500000, 3.20000000, 0.91866667), (0.68000000, 3.22000000, 0.98200533), (0.68500000, 3.24000000, 1.04873600), (0.69000000, 3.26000000, 1.11873067), (0.69500000, 3.28000000, 1.19186133), (0.70000000, 3.30000000, 1.26800000), (0.70500000, 3.32000000, 1.34701867), (0.71000000, 3.34000000, 1.42878933), (0.71500000, 3.36000000, 1.51318400), (0.72000000, 3.38000000, 1.60007467), (0.72500000, 3.40000000, 1.68933333), (0.73000000, 3.42000000, 1.78083200), (0.73500000, 3.44000000, 1.87444267), (0.74000000, 3.46000000, 1.97003733), (0.74500000, 3.48000000, 2.06748800), (0.75000000, 3.50000000, 2.16666667), (0.75500000, 3.52000267, 2.26750400), (0.76000000, 3.54002133, 2.37016533), (0.76500000, 3.56007200, 2.47487467), (0.77000000, 3.58017067, 2.58185600), (0.77500000, 3.60033333, 2.69133333), (0.78000000, 3.62057600, 2.80353067), (0.78500000, 3.64091467, 2.91867200), (0.79000000, 3.66136533, 3.03698133), (0.79500000, 3.68194400, 3.15868267), (0.80000000, 3.70266667, 3.28400000), (0.80500000, 3.72354933, 3.41315733), (0.81000000, 3.74460800, 3.54637867), (0.81500000, 3.76585867, 3.68388800), (0.82000000, 3.78731733, 3.82590933), (0.82500000, 3.80900000, 3.97266667), (0.83000000, 3.83092267, 4.12438400), (0.83500000, 3.85310133, 4.28128533), (0.84000000, 3.87555200, 4.44359467), (0.84500000, 3.89829067, 4.61153600), (0.85000000, 3.92133333, 4.78533333), (0.85500000, 3.94469600, 4.96521067), (0.86000000, 3.96839467, 5.15139200), (0.86500000, 3.99244533, 5.34410133), (0.87000000, 4.01686400, 5.54356267), (0.87500000, 4.04166667, 5.75000000), (0.88000000, 4.06688000, 5.96275200), (0.88500000, 4.09257333, 6.17761600), (0.89000000, 4.11882667, 6.38950400), (0.89500000, 4.14572000, 6.59332800), (0.90000000, 4.17333333, 6.78400000), (0.90500000, 4.20174667, 6.95643200), (0.91000000, 4.23104000, 7.10553600), (0.91500000, 4.26129333, 7.22622400), (0.92000000, 4.29258667, 7.31340800), (0.92500000, 4.32500000, 7.36200000), (0.93000000, 4.35861333, 7.36691200), (0.93500000, 4.39350667, 7.32305600), (0.94000000, 4.42976000, 7.22534400), (0.94500000, 4.46745333, 7.06868800), (0.95000000, 4.50666667, 6.84800000), (0.95500000, 4.54748000, 6.55819200), (0.96000000, 4.58997333, 6.19417600), (0.96500000, 4.63422667, 5.75086400), (0.97000000, 4.68032000, 5.22316800), (0.97500000, 4.72833333, 4.60600000), (0.98000000, 4.77834667, 3.89427200), (0.98500000, 4.83044000, 3.08289600), (0.99000000, 4.88469333, 2.16678400), (0.99500000, 4.94118667, 1.14084800), (1.00000000, 5.00000000, 0.00000000)])
CP = np.array([(0, 1),(0.5, 8),(1, 10),(1.5, 8),(2, 5),(2.5, 1),(3, 0),(3.5, 2),(4, 5),(4.5, 10),(5, 0),])
plt.plot(CubicBspline22D[:,1], CubicBspline22D[:,2], label="Cubic B-spline 2 (2D)", color='b')
plt.hlines(1, 0, 0.958333, lw=2, color='c')
plt.hlines(9.16667, 0, 0.958333, lw=2, color='g')
plt.axvline(0, ls='--', color='gray')
plt.hlines(7.83333, 0.958333, 1.5, lw=2, color='c')
plt.hlines(9.19238, 0.958333, 1.5, lw=2, color='g')
plt.axvline(0.958333, ls='--', color='gray')
plt.hlines(4.83333, 1.5, 2, lw=2, color='c')
plt.hlines(7.83333, 1.5, 2, lw=2, color='g')
plt.axvline(1.5, ls='--', color='gray')
plt.hlines(1.5, 2, 2.5, lw=2, color='c')
plt.hlines(4.83333, 2, 2.5, lw=2, color='g')
plt.axvline(2, ls='--', color='gray')
plt.hlines(0.458333, 2.5, 3, lw=2, color='c')
plt.hlines(1.5, 2.5, 3, lw=2, color='g')
plt.axvline(2.5, ls='--', color='gray')
plt.hlines(0.5, 3, 3.5, lw=2, color='c')
plt.hlines(2.16667, 3, 3.5, lw=2, color='g')
plt.axvline(3, ls='--', color='gray')
plt.hlines(2.16667, 3.5, 4.04167, lw=2, color='c')
plt.hlines(5.75, 3.5, 4.04167, lw=2, color='g')
plt.axvline(3.5, ls='--', color='gray')
plt.hlines(-1.42109e-14, 4.04167, 5, lw=2, color='c')
plt.hlines(7.37052, 4.04167, 5, lw=2, color='g')
plt.axvline(4.04167, ls='--', color='gray')
plt.plot(CP[:,0], CP[:,1], '*', ls=':', lw=3, color='m', label="Control Points")

box = ax2.get_position()
ax2.set_position([box.x0, box.y0, box.width * 0.8, box.height])
ax2.legend(loc='center left', bbox_to_anchor=(1, 0.5))
plt.title("Cubic B-spline (2D), with P4 = {2.5, 1}")
ax3 = plt.subplot(3, 1, 3)
CubicBspline32D = np.array ([(0.00000000, 0.00000000, 1.00000000), (0.00500000, 0.05881333, 1.81153067), (0.01000000, 0.11530667, 2.56744533), (0.01500000, 0.16956000, 3.26972800), (0.02000000, 0.22165333, 3.92036267), (0.02500000, 0.27166667, 4.52133333), (0.03000000, 0.31968000, 5.07462400), (0.03500000, 0.36577333, 5.58221867), (0.04000000, 0.41002667, 6.04610133), (0.04500000, 0.45252000, 6.46825600), (0.05000000, 0.49333333, 6.85066667), (0.05500000, 0.53254667, 7.19531733), (0.06000000, 0.57024000, 7.50419200), (0.06500000, 0.60649333, 7.77927467), (0.07000000, 0.64138667, 8.02254933), (0.07500000, 0.67500000, 8.23600000), (0.08000000, 0.70741333, 8.42161067), (0.08500000, 0.73870667, 8.58136533), (0.09000000, 0.76896000, 8.71724800), (0.09500000, 0.79825333, 8.83124267), (0.10000000, 0.82666667, 8.92533333), (0.10500000, 0.85428000, 9.00150400), (0.11000000, 0.88117333, 9.06173867), (0.11500000, 0.90742667, 9.10802133), (0.12000000, 0.93312000, 9.14233600), (0.12500000, 0.95833333, 9.16666667), (0.13000000, 0.98313600, 9.18270933), (0.13500000, 1.00755467, 9.19100800), (0.14000000, 1.03160533, 9.19181867), (0.14500000, 1.05530400, 9.18539733), (0.15000000, 1.07866667, 9.17200000), (0.15500000, 1.10170933, 9.15188267), (0.16000000, 1.12444800, 9.12530133), (0.16500000, 1.14689867, 9.09251200), (0.17000000, 1.16907733, 9.05377067), (0.17500000, 1.19100000, 9.00933333), (0.18000000, 1.21268267, 8.95945600), (0.18500000, 1.23414133, 8.90439467), (0.19000000, 1.25539200, 8.84440533), (0.19500000, 1.27645067, 8.77974400), (0.20000000, 1.29733333, 8.71066667), (0.20500000, 1.31805600, 8.63742933), (0.21000000, 1.33863467, 8.56028800), (0.21500000, 1.35908533, 8.47949867), (0.22000000, 1.37942400, 8.39531733), (0.22500000, 1.39966667, 8.30800000), (0.23000000, 1.41982933, 8.21780267), (0.23500000, 1.43992800, 8.12498133), (0.24000000, 1.45997867, 8.02979200), (0.24500000, 1.47999733, 7.93249067), (0.25000000, 1.50000000, 7.83333333), (0.25500000, 1.52000000, 7.73268267), (0.26000000, 1.54000000, 7.63132800), (0.26500000, 1.56000000, 7.53016533), (0.27000000, 1.58000000, 7.43009067), (0.27500000, 1.60000000, 7.33200000), (0.28000000, 1.62000000, 7.23678933), (0.28500000, 1.64000000, 7.14535467), (0.29000000, 1.66000000, 7.05859200), (0.29500000, 1.68000000, 6.97739733), (0.30000000, 1.70000000, 6.90266667), (0.30500000, 1.72000000, 6.83529600), (0.31000000, 1.74000000, 6.77618133), (0.31500000, 1.76000000, 6.72621867), (0.32000000, 1.78000000, 6.68630400), (0.32500000, 1.80000000, 6.65733333), (0.33000000, 1.82000000, 6.64020267), (0.33500000, 1.84000000, 6.63580800), (0.34000000, 1.86000000, 6.64504533), (0.34500000, 1.88000000, 6.66881067), (0.35000000, 1.90000000, 6.70800000), (0.35500000, 1.92000000, 6.76350933), (0.36000000, 1.94000000, 6.83623467), (0.36500000, 1.96000000, 6.92707200), (0.37000000, 1.98000000, 7.03691733), (0.37500000, 2.00000000, 7.16666667), (0.38000000, 2.02000000, 7.31666133), (0.38500000, 2.04000000, 7.48502400), (0.39000000, 2.06000000, 7.66932267), (0.39500000, 2.08000000, 7.86712533), (0.40000000, 2.10000000, 8.07600000), (0.40500000, 2.12000000, 8.29351467), (0.41000000, 2.14000000, 8.51723733), (0.41500000, 2.16000000, 8.74473600), (0.42000000, 2.18000000, 8.97357867), (0.42500000, 2.20000000, 9.20133333), (0.43000000, 2.22000000, 9.42556800), (0.43500000, 2.24000000, 9.64385067), (0.44000000, 2.26000000, 9.85374933), (0.44500000, 2.28000000, 10.05283200), (0.45000000, 2.30000000, 10.23866667), (0.45500000, 2.32000000, 10.40882133), (0.46000000, 2.34000000, 10.56086400), (0.46500000, 2.36000000, 10.69236267), (0.47000000, 2.38000000, 10.80088533), (0.47500000, 2.40000000, 10.88400000), (0.48000000, 2.42000000, 10.93927467), (0.48500000, 2.44000000, 10.96427733), (0.49000000, 2.46000000, 10.95657600), (0.49500000, 2.48000000, 10.91373867), (0.50000000, 2.50000000, 10.83333333), (0.50500000, 2.52000000, 10.71378133), (0.51000000, 2.54000000, 10.55691733), (0.51500000, 2.56000000, 10.36542933), (0.52000000, 2.58000000, 10.14200533), (0.52500000, 2.60000000, 9.88933333), (0.53000000, 2.62000000, 9.61010133), (0.53500000, 2.64000000, 9.30699733), (0.54000000, 2.66000000, 8.98270933), (0.54500000, 2.68000000, 8.63992533), (0.55000000, 2.70000000, 8.28133333), (0.55500000, 2.72000000, 7.90962133), (0.56000000, 2.74000000, 7.52747733), (0.56500000, 2.76000000, 7.13758933), (0.57000000, 2.78000000, 6.74264533), (0.57500000, 2.80000000, 6.34533333), (0.58000000, 2.82000000, 5.94834133), (0.58500000, 2.84000000, 5.55435733), (0.59000000, 2.86000000, 5.16606933), (0.59500000, 2.88000000, 4.78616533), (0.60000000, 2.90000000, 4.41733333), (0.60500000, 2.92000000, 4.06226133), (0.61000000, 2.94000000, 3.72363733), (0.61500000, 2.96000000, 3.40414933), (0.62000000, 2.98000000, 3.10648533), (0.62500000, 3.00000000, 2.83333333), (0.63000000, 3.02000000, 2.58676267), (0.63500000, 3.04000000, 2.36636800), (0.64000000, 3.06000000, 2.17112533), (0.64500000, 3.08000000, 2.00001067), (0.65000000, 3.10000000, 1.85200000), (0.65500000, 3.12000000, 1.72606933), (0.66000000, 3.14000000, 1.62119467), (0.66500000, 3.16000000, 1.53635200), (0.67000000, 3.18000000, 1.47051733), (0.67500000, 3.20000000, 1.42266667), (0.68000000, 3.22000000, 1.39177600), (0.68500000, 3.24000000, 1.37682133), (0.69000000, 3.26000000, 1.37677867), (0.69500000, 3.28000000, 1.39062400), (0.70000000, 3.30000000, 1.41733333), (0.70500000, 3.32000000, 1.45588267), (0.71000000, 3.34000000, 1.50524800), (0.71500000, 3.36000000, 1.56440533), (0.72000000, 3.38000000, 1.63233067), (0.72500000, 3.40000000, 1.70800000), (0.73000000, 3.42000000, 1.79038933), (0.73500000, 3.44000000, 1.87847467), (0.74000000, 3.46000000, 1.97123200), (0.74500000, 3.48000000, 2.06763733), (0.75000000, 3.50000000, 2.16666667), (0.75500000, 3.52000267, 2.26750400), (0.76000000, 3.54002133, 2.37016533), (0.76500000, 3.56007200, 2.47487467), (0.77000000, 3.58017067, 2.58185600), (0.77500000, 3.60033333, 2.69133333), (0.78000000, 3.62057600, 2.80353067), (0.78500000, 3.64091467, 2.91867200), (0.79000000, 3.66136533, 3.03698133), (0.79500000, 3.68194400, 3.15868267), (0.80000000, 3.70266667, 3.28400000), (0.80500000, 3.72354933, 3.41315733), (0.81000000, 3.74460800, 3.54637867), (0.81500000, 3.76585867, 3.68388800), (0.82000000, 3.78731733, 3.82590933), (0.82500000, 3.80900000, 3.97266667), (0.83000000, 3.83092267, 4.12438400), (0.83500000, 3.85310133, 4.28128533), (0.84000000, 3.87555200, 4.44359467), (0.84500000, 3.89829067, 4.61153600), (0.85000000, 3.92133333, 4.78533333), (0.85500000, 3.94469600, 4.96521067), (0.86000000, 3.96839467, 5.15139200), (0.86500000, 3.99244533, 5.34410133), (0.87000000, 4.01686400, 5.54356267), (0.87500000, 4.04166667, 5.75000000), (0.88000000, 4.06688000, 5.96275200), (0.88500000, 4.09257333, 6.17761600), (0.89000000, 4.11882667, 6.38950400), (0.89500000, 4.14572000, 6.59332800), (0.90000000, 4.17333333, 6.78400000), (0.90500000, 4.20174667, 6.95643200), (0.91000000, 4.23104000, 7.10553600), (0.91500000, 4.26129333, 7.22622400), (0.92000000, 4.29258667, 7.31340800), (0.92500000, 4.32500000, 7.36200000), (0.93000000, 4.35861333, 7.36691200), (0.93500000, 4.39350667, 7.32305600), (0.94000000, 4.42976000, 7.22534400), (0.94500000, 4.46745333, 7.06868800), (0.95000000, 4.50666667, 6.84800000), (0.95500000, 4.54748000, 6.55819200), (0.96000000, 4.58997333, 6.19417600), (0.96500000, 4.63422667, 5.75086400), (0.97000000, 4.68032000, 5.22316800), (0.97500000, 4.72833333, 4.60600000), (0.98000000, 4.77834667, 3.89427200), (0.98500000, 4.83044000, 3.08289600), (0.99000000, 4.88469333, 2.16678400), (0.99500000, 4.94118667, 1.14084800), (1.00000000, 5.00000000, 0.00000000)])
CP = np.array([(0, 1),(0.5, 8),(1, 10),(1.5, 8),(2, 5),(2.5, 15),(3, 0),(3.5, 2),(4, 5),(4.5, 10),(5, 0),])
plt.plot(CubicBspline32D[:,1], CubicBspline32D[:,2], label="Cubic B-spline 3 (2D)", color='b')
plt.hlines(1, 0, 0.958333, lw=2, color='c')
plt.hlines(9.16667, 0, 0.958333, lw=2, color='g')
plt.axvline(0, ls='--', color='gray')
plt.hlines(7.83333, 0.958333, 1.5, lw=2, color='c')
plt.hlines(9.19238, 0.958333, 1.5, lw=2, color='g')
plt.axvline(0.958333, ls='--', color='gray')
plt.hlines(6.63562, 1.5, 2, lw=2, color='c')
plt.hlines(7.83333, 1.5, 2, lw=2, color='g')
plt.axvline(1.5, ls='--', color='gray')
plt.hlines(7.16667, 2, 2.5, lw=2, color='c')
plt.hlines(10.9655, 2, 2.5, lw=2, color='g')
plt.axvline(2, ls='--', color='gray')
plt.hlines(2.83333, 2.5, 3, lw=2, color='c')
plt.hlines(10.8333, 2.5, 3, lw=2, color='g')
plt.axvline(2.5, ls='--', color='gray')
plt.hlines(1.375, 3, 3.5, lw=2, color='c')
plt.hlines(2.83333, 3, 3.5, lw=2, color='g')
plt.axvline(3, ls='--', color='gray')
plt.hlines(2.16667, 3.5, 4.04167, lw=2, color='c')
plt.hlines(5.75, 3.5, 4.04167, lw=2, color='g')
plt.axvline(3.5, ls='--', color='gray')
plt.hlines(-1.42109e-14, 4.04167, 5, lw=2, color='c')
plt.hlines(7.37052, 4.04167, 5, lw=2, color='g')
plt.axvline(4.04167, ls='--', color='gray')
plt.plot(CP[:,0], CP[:,1], '*', ls=':', lw=3, color='m', label="Control Points")

box = ax3.get_position()
ax3.set_position([box.x0, box.y0, box.width * 0.8, box.height])
ax3.legend(loc='center left', bbox_to_anchor=(1, 0.5))
plt.title("Cubic B-spline (2D), with P4 = {2.5, 15}")

plt.show ()
