State cost evaluation:
[1](0)
State cost gradient:
[13](0,0,0,0,0,0,0,0,0,0,0,0,0)
Trajectory state (splitted):
[3](0,0,0)
[3](0,0,0)
Trajectory state (one call):
[6](0,0,0,0,0,0)
Trajectory state variation (splitted):
[3,13]((0,1,0,0,0,0,0,0,0,0,0,0,0),(0,0,1,0,0,0,0,0,0,0,0,0,0),(0,0,0,1,0,0,0,0,0,0,0,0,0))
[3,13]((0,0,0,0,0,0,0,0,0,0,0,0,0),(0,0,0,0,0,0,0,0,0,0,0,0,0),(0,0,0,0,0,0,0,0,0,0,0,0,0))
Trajectory state (one call):
[6,13]((0,1,0,0,0,0,0,0,0,0,0,0,0),(0,0,1,0,0,0,0,0,0,0,0,0,0),(0,0,0,1,0,0,0,0,0,0,0,0,0),(0,0,0,0,0,0,0,0,0,0,0,0,0),(0,0,0,0,0,0,0,0,0,0,0,0,0),(0,0,0,0,0,0,0,0,0,0,0,0,0))
Check frontal speed gradient.
Check orthogonal speed gradient.
Check state cost gradient.



State cost evaluation:
[1](7.8125)
State cost gradient:
[13](0,-0.3125,0,30.599,0.3125,0,0.651042,0,0,0,0,0,0)
Trajectory state (splitted):
[3](0.520833,2.08333,0)
[3](7.8125,31.25,0)
Trajectory state (one call):
[6](0.520833,2.08333,0,7.8125,31.25,0)
Trajectory state variation (splitted):
[3,13]((0.78125,0.979167,0,0,0.0208333,0,0,0,0,0,0,0,0),(3.125,0,0.979167,0,0,0.0208333,0,0,0,0,0,0,0),(0,0,0,0.979167,0,0,0.0208333,0,0,0,0,0,0))
[3,13]((5.46875,-0.3125,0,0,0.3125,0,0,0,0,0,0,0,0),(21.875,0,-0.3125,0,0,0.3125,0,0,0,0,0,0,0),(0,0,0,-0.3125,0,0,0.3125,0,0,0,0,0,0))
Trajectory state (one call):
[6,13]((0.78125,0.979167,0,0,0.0208333,0,0,0,0,0,0,0,0),(3.125,0,0.979167,0,0,0.0208333,0,0,0,0,0,0,0),(0,0,0,0.979167,0,0,0.0208333,0,0,0,0,0,0),(5.46875,-0.3125,0,0,0.3125,0,0,0,0,0,0,0,0),(21.875,0,-0.3125,0,0,0.3125,0,0,0,0,0,0,0),(0,0,0,-0.3125,0,0,0.3125,0,0,0,0,0,0))
Check frontal speed gradient.
Check orthogonal speed gradient.
Check state cost gradient.



State cost evaluation:
[1](31.25)
State cost gradient:
[13](0,-1.25,0,104.167,1.25,0,20.8333,0,0,0,0,0,0)
Trajectory state (splitted):
[3](4.16667,16.6667,0)
[3](31.25,125,0)
Trajectory state (one call):
[6](4.16667,16.6667,0,31.25,125,0)
Trajectory state variation (splitted):
[3,13]((6.25,0.833333,0,0,0.166667,0,0,0,0,0,0,0,0),(25,0,0.833333,0,0,0.166667,0,0,0,0,0,0,0),(0,0,0,0.833333,0,0,0.166667,0,0,0,0,0,0))
[3,13]((28.125,-1.25,0,0,1.25,0,0,0,0,0,0,0,0),(112.5,0,-1.25,0,0,1.25,0,0,0,0,0,0,0),(0,0,0,-1.25,0,0,1.25,0,0,0,0,0,0))
Trajectory state (one call):
[6,13]((6.25,0.833333,0,0,0.166667,0,0,0,0,0,0,0,0),(25,0,0.833333,0,0,0.166667,0,0,0,0,0,0,0),(0,0,0,0.833333,0,0,0.166667,0,0,0,0,0,0),(28.125,-1.25,0,0,1.25,0,0,0,0,0,0,0,0),(112.5,0,-1.25,0,0,1.25,0,0,0,0,0,0,0),(0,0,0,-1.25,0,0,1.25,0,0,0,0,0,0))
Check frontal speed gradient.
Check orthogonal speed gradient.
Check state cost gradient.



State cost evaluation:
[1](62.5)
State cost gradient:
[13](0,-1.875,0,78.125,1.5625,0,74.8698,0.3125,0,3.25521,0,0,0)
Trajectory state (splitted):
[3](13.5417,47.9167,0)
[3](62.5,156.25,0)
Trajectory state (one call):
[6](13.5417,47.9167,0,62.5,156.25,0)
Trajectory state variation (splitted):
[3,13]((18.75,0.5,0,0,0.479167,0,0,0.0208333,0,0,0,0,0),(46.875,0,0.5,0,0,0.479167,0,0,0.0208333,0,0,0,0),(0,0,0,0.5,0,0,0.479167,0,0,0.0208333,0,0,0))
[3,13]((68.75,-1.875,0,0,1.5625,0,0,0.3125,0,0,0,0,0),(171.875,0,-1.875,0,0,1.5625,0,0,0.3125,0,0,0,0),(0,0,0,-1.875,0,0,1.5625,0,0,0.3125,0,0,0))
Trajectory state (one call):
[6,13]((18.75,0.5,0,0,0.479167,0,0,0.0208333,0,0,0,0,0),(46.875,0,0.5,0,0,0.479167,0,0,0.0208333,0,0,0,0),(0,0,0,0.5,0,0,0.479167,0,0,0.0208333,0,0,0),(68.75,-1.875,0,0,1.5625,0,0,0.3125,0,0,0,0,0),(171.875,0,-1.875,0,0,1.5625,0,0,0.3125,0,0,0,0),(0,0,0,-1.875,0,0,1.5625,0,0,0.3125,0,0,0))
Check frontal speed gradient.
Check orthogonal speed gradient.
Check state cost gradient.



State cost evaluation:
[1](93.75)
State cost gradient:
[13](0,-1.25,0,0,0,0,0,1.25,0,0,0,0,0)
Trajectory state (splitted):
[3](29.1667,66.6667,0)
[3](93.75,0,0)
Trajectory state (one call):
[6](29.1667,66.6667,0,93.75,0,0)
Trajectory state variation (splitted):
[3,13]((37.5,0.166667,0,0,0.666667,0,0,0.166667,0,0,0,0,0),(0,0,0.166667,0,0,0.666667,0,0,0.166667,0,0,0,0),(0,0,0,0.166667,0,0,0.666667,0,0,0.166667,0,0,0))
[3,13]((121.875,-1.25,0,0,0,0,0,1.25,0,0,0,0,0),(0,0,-1.25,0,0,0,0,0,1.25,0,0,0,0),(0,0,0,-1.25,0,0,0,0,0,1.25,0,0,0))
Trajectory state (one call):
[6,13]((37.5,0.166667,0,0,0.666667,0,0,0.166667,0,0,0,0,0),(0,0,0.166667,0,0,0.666667,0,0,0.166667,0,0,0,0),(0,0,0,0.166667,0,0,0.666667,0,0,0.166667,0,0,0),(121.875,-1.25,0,0,0,0,0,1.25,0,0,0,0,0),(0,0,-1.25,0,0,0,0,0,1.25,0,0,0,0),(0,0,0,-1.25,0,0,0,0,0,1.25,0,0,0))
Check frontal speed gradient.
Check orthogonal speed gradient.
Check state cost gradient.



State cost evaluation:
[1](109.375)
State cost gradient:
[13](0,-0.3125,0,-2.60417,-1.5625,0,-59.8958,1.5625,0,-59.8958,0.3125,0,-2.60417)
Trajectory state (splitted):
[3](50,50,0)
[3](109.375,-125,0)
Trajectory state (one call):
[6](50,50,0,109.375,-125,0)
Trajectory state variation (splitted):
[3,13]((54.6875,0.0208333,0,0,0.479167,0,0,0.479167,0,0,0.0208333,0,0),(-62.5,0,0.0208333,0,0,0.479167,0,0,0.479167,0,0,0.0208333,0),(0,0,0,0.0208333,0,0,0.479167,0,0,0.479167,0,0,0.0208333))
[3,13]((164.062,-0.3125,0,0,-1.5625,0,0,1.5625,0,0,0.3125,0,0),(-187.5,0,-0.3125,0,0,-1.5625,0,0,1.5625,0,0,0.3125,0),(0,0,0,-0.3125,0,0,-1.5625,0,0,1.5625,0,0,0.3125))
Trajectory state (one call):
[6,13]((54.6875,0.0208333,0,0,0.479167,0,0,0.479167,0,0,0.0208333,0,0),(-62.5,0,0.0208333,0,0,0.479167,0,0,0.479167,0,0,0.0208333,0),(0,0,0,0.0208333,0,0,0.479167,0,0,0.479167,0,0,0.0208333),(164.062,-0.3125,0,0,-1.5625,0,0,1.5625,0,0,0.3125,0,0),(-187.5,0,-0.3125,0,0,-1.5625,0,0,1.5625,0,0,0.3125,0),(0,0,0,-0.3125,0,0,-1.5625,0,0,1.5625,0,0,0.3125))
Check frontal speed gradient.
Check orthogonal speed gradient.
Check state cost gradient.



State cost evaluation:
[1](93.75)
State cost gradient:
[13](0,0,0,2.01563e-30,-1.25,0,-3.62395e-14,2.22045e-15,0,-1.44958e-13,1.25,0,-3.62395e-14)
Trajectory state (splitted):
[3](70.8333,33.3333,0)
[3](93.75,-2.17437e-13,0)
Trajectory state (one call):
[6](70.8333,33.3333,0,93.75,-2.17437e-13,0)
Trajectory state variation (splitted):
[3,13]((56.25,-9.26993e-18,0,0,0.166667,0,0,0.666667,0,0,0.166667,0,0),(-1.30462e-13,0,-9.26993e-18,0,0,0.166667,0,0,0.666667,0,0,0.166667,0),(0,0,0,-9.26993e-18,0,0,0.166667,0,0,0.666667,0,0,0.166667))
[3,13]((159.375,0,0,0,-1.25,0,0,2.22045e-15,0,0,1.25,0,0),(-3.69643e-13,0,0,0,0,-1.25,0,0,2.22045e-15,0,0,1.25,0),(0,0,0,0,0,0,-1.25,0,0,2.22045e-15,0,0,1.25))
Trajectory state (one call):
[6,13]((56.25,-9.26993e-18,0,0,0.166667,0,0,0.666667,0,0,0.166667,0,0),(-1.30462e-13,0,-9.26993e-18,0,0,0.166667,0,0,0.666667,0,0,0.166667,0),(0,0,0,-9.26993e-18,0,0,0.166667,0,0,0.666667,0,0,0.166667),(159.375,0,0,0,-1.25,0,0,2.22045e-15,0,0,1.25,0,0),(-3.69643e-13,0,0,0,0,-1.25,0,0,2.22045e-15,0,0,1.25,0),(0,0,0,0,0,0,-1.25,0,0,2.22045e-15,0,0,1.25))
Check frontal speed gradient.
Check orthogonal speed gradient.
Check state cost gradient.



State cost evaluation:
[1](62.5)
State cost gradient:
[13](0,0,0,0,-0.3125,0,3.25521,-1.5625,0,74.8698,1.875,0,78.125)
Trajectory state (splitted):
[3](86.4583,52.0833,0)
[3](62.5,156.25,0)
Trajectory state (one call):
[6](86.4583,52.0833,0,62.5,156.25,0)
Trajectory state variation (splitted):
[3,13]((43.75,0,0,0,0.0208333,0,0,0.479167,0,0,0.5,0,0),(109.375,0,0,0,0,0.0208333,0,0,0.479167,0,0,0.5,0),(0,0,0,0,0,0,0.0208333,0,0,0.479167,0,0,0.5))
[3,13]((118.75,0,0,0,-0.3125,0,0,-1.5625,0,0,1.875,0,0),(296.875,0,0,0,0,-0.3125,0,0,-1.5625,0,0,1.875,0),(0,0,0,0,0,0,-0.3125,0,0,-1.5625,0,0,1.875))
Trajectory state (one call):
[6,13]((43.75,0,0,0,0.0208333,0,0,0.479167,0,0,0.5,0,0),(109.375,0,0,0,0,0.0208333,0,0,0.479167,0,0,0.5,0),(0,0,0,0,0,0,0.0208333,0,0,0.479167,0,0,0.5),(118.75,0,0,0,-0.3125,0,0,-1.5625,0,0,1.875,0,0),(296.875,0,0,0,0,-0.3125,0,0,-1.5625,0,0,1.875,0),(0,0,0,0,0,0,-0.3125,0,0,-1.5625,0,0,1.875))
Check frontal speed gradient.
Check orthogonal speed gradient.
Check state cost gradient.



State cost evaluation:
[1](31.25)
State cost gradient:
[13](0,0,0,0,0,0,-1.15874e-15,-1.25,0,20.8333,1.25,0,104.167)
Trajectory state (splitted):
[3](95.8333,83.3333,0)
[3](31.25,125,0)
Trajectory state (one call):
[6](95.8333,83.3333,0,31.25,125,0)
Trajectory state variation (splitted):
[3,13]((25,0,0,0,-9.26993e-18,0,0,0.166667,0,0,0.833333,0,0),(100,0,0,0,0,-9.26993e-18,0,0,0.166667,0,0,0.833333,0),(0,0,0,0,0,0,-9.26993e-18,0,0,0.166667,0,0,0.833333))
[3,13]((65.625,0,0,0,0,0,0,-1.25,0,0,1.25,0,0),(262.5,0,0,0,0,0,0,0,-1.25,0,0,1.25,0),(0,0,0,0,0,0,0,0,0,-1.25,0,0,1.25))
Trajectory state (one call):
[6,13]((25,0,0,0,-9.26993e-18,0,0,0.166667,0,0,0.833333,0,0),(100,0,0,0,0,-9.26993e-18,0,0,0.166667,0,0,0.833333,0),(0,0,0,0,0,0,-9.26993e-18,0,0,0.166667,0,0,0.833333),(65.625,0,0,0,0,0,0,-1.25,0,0,1.25,0,0),(262.5,0,0,0,0,0,0,0,-1.25,0,0,1.25,0),(0,0,0,0,0,0,0,0,0,-1.25,0,0,1.25))
Check frontal speed gradient.
Check orthogonal speed gradient.
Check state cost gradient.



State cost evaluation:
[1](7.8125)
State cost gradient:
[13](0,0,0,0,0,0,0,-0.3125,0,0.651042,0.3125,0,30.599)
Trajectory state (splitted):
[3](99.4792,97.9167,0)
[3](7.8125,31.25,0)
Trajectory state (one call):
[6](99.4792,97.9167,0,7.8125,31.25,0)
Trajectory state variation (splitted):
[3,13]((7.03125,0,0,0,0,0,0,0.0208333,0,0,0.979167,0,0),(28.125,0,0,0,0,0,0,0,0.0208333,0,0,0.979167,0),(0,0,0,0,0,0,0,0,0,0.0208333,0,0,0.979167))
[3,13]((17.9687,0,0,0,0,0,0,-0.3125,0,0,0.3125,0,0),(71.875,0,0,0,0,0,0,0,-0.3125,0,0,0.3125,0),(0,0,0,0,0,0,0,0,0,-0.3125,0,0,0.3125))
Trajectory state (one call):
[6,13]((7.03125,0,0,0,0,0,0,0.0208333,0,0,0.979167,0,0),(28.125,0,0,0,0,0,0,0,0.0208333,0,0,0.979167,0),(0,0,0,0,0,0,0,0,0,0.0208333,0,0,0.979167),(17.9687,0,0,0,0,0,0,-0.3125,0,0,0.3125,0,0),(71.875,0,0,0,0,0,0,0,-0.3125,0,0,0.3125,0),(0,0,0,0,0,0,0,0,0,-0.3125,0,0,0.3125))
Check frontal speed gradient.
Check orthogonal speed gradient.
Check state cost gradient.



