Spline range: [0, 4]
FTT range: [0, 4]
FTT scale: 1
/------------------------------------------------------------------------------\
| T   || Value      | Value (ftt)  || Derivative       | Derivative (ftt)      |
--------------------------------------------------------------------------------
| 0.00 || 0.00      | 0.00         || 0.00             |  0.00                 |
| 0.10 || 0.52      | 0.52         || 3.91             |  3.91                 |
| 0.20 || 4.17      | 4.17         || 15.63            | 15.63                 |
| 0.30 || 13.54     | 13.54        || 31.25            | 31.25                 |
| 0.40 || 29.17     | 29.17        || 46.88            | 46.88                 |
| 0.50 || 50.00     | 50.00        || 54.69            | 54.69                 |
| 0.60 || 70.83     | 70.83        || 46.88            | 46.88                 |
| 0.70 || 86.46     | 86.46        || 31.25            | 31.25                 |
| 0.80 || 95.83     | 95.83        || 15.63            | 15.63                 |
| 0.90 || 99.48     | 99.48        || 3.91             |  3.91                 |
| 1.00 || 100.00    | 100.00       || 0.00             |  0.00                 |
\------------------------------------------------------------------------------/

Gradient check.
Spline gradient.
Free time trajectory gradient.
Spline gradient.
Free time trajectory gradient.
Spline gradient.
Free time trajectory gradient.
Spline gradient.
Free time trajectory gradient.
Spline gradient.
Free time trajectory gradient.
Spline gradient.
Free time trajectory gradient.
Spline gradient.
Free time trajectory gradient.
Spline gradient.
Free time trajectory gradient.
Spline gradient.
Free time trajectory gradient.
Spline gradient.
Free time trajectory gradient.
Spline gradient.
Free time trajectory gradient.


Variation of the configuration w.r.t to parameters:
[1,8]((0.17,0.67,0.17,0.00,0.00,0.00,0.00,0.00))  [1,9]((0.00,0.17,0.67,0.17,0.00,0.00,0.00,0.00,0.00))
[1,8]((0.02,0.48,0.48,0.02,0.00,0.00,0.00,0.00))  [1,9]((0.00,0.02,0.48,0.48,0.02,0.00,0.00,0.00,0.00))
[1,8]((0.00,0.17,0.67,0.17,0.00,0.00,0.00,0.00))  [1,9]((0.00,0.00,0.17,0.67,0.17,0.00,0.00,0.00,0.00))
[1,8]((0.00,0.02,0.48,0.48,0.02,0.00,0.00,0.00))  [1,9]((0.00,0.00,0.02,0.48,0.48,0.02,0.00,0.00,0.00))
[1,8]((0.00,0.00,0.17,0.67,0.17,0.00,0.00,0.00))  [1,9]((0.00,0.00,0.00,0.17,0.67,0.17,0.00,0.00,0.00))
[1,8]((0.00,0.00,0.02,0.48,0.48,0.02,0.00,0.00))  [1,9]((0.00,0.00,0.00,0.02,0.48,0.48,0.02,0.00,0.00))
[1,8]((0.00,0.00,0.00,0.17,0.67,0.17,0.00,0.00))  [1,9]((0.00,0.00,0.00,0.00,0.17,0.67,0.17,0.00,0.00))
[1,8]((0.00,0.00,0.00,0.02,0.48,0.48,0.02,0.00))  [1,9]((0.00,0.00,0.00,0.00,0.02,0.48,0.48,0.02,0.00))
[1,8]((0.00,0.00,0.00,0.00,0.17,0.67,0.17,0.00))  [1,9]((0.00,0.00,0.00,0.00,0.00,0.17,0.67,0.17,0.00))
[1,8]((0.00,0.00,0.00,0.00,0.02,0.48,0.48,0.02))  [1,9]((0.00,0.00,0.00,0.00,0.00,0.02,0.48,0.48,0.02))
[1,8]((0.00,0.00,0.00,0.00,0.00,0.17,0.67,0.17))  [1,9]((0.00,0.00,0.00,0.00,0.00,0.00,0.17,0.67,0.17))


Variation of the derivative w.r.t to parameters:
[1,8]((-0.16,-0.78,0.78,0.16,0.00,0.00,0.00,0.00)) [1,9]((0.00,-0.63,-3.12,3.12,0.62,0.00,0.00,0.00,0.00))
[1,8]((0.00,-0.62,0.00,0.62,0.00,0.00,0.00,0.00)) [1,9]((0.00,0.00,-2.50,0.00,2.50,0.00,0.00,0.00,0.00))
[1,8]((0.00,-0.16,-0.78,0.78,0.16,0.00,0.00,0.00)) [1,9]((0.00,0.00,-0.62,-3.12,3.12,0.63,0.00,0.00,0.00))
[1,8]((0.00,0.00,-0.62,0.00,0.62,0.00,0.00,0.00)) [1,9]((0.00,0.00,0.00,-2.50,0.00,2.50,0.00,0.00,0.00))
[1,8]((0.00,0.00,-0.16,-0.78,0.78,0.16,0.00,0.00)) [1,9]((0.00,0.00,0.00,-0.63,-3.12,3.13,0.62,0.00,0.00))
[1,8]((0.00,0.00,0.00,-0.63,0.00,0.62,0.00,0.00)) [1,9]((0.00,0.00,0.00,0.00,-2.50,0.00,2.50,0.00,0.00))
[1,8]((0.00,0.00,0.00,-0.16,-0.78,0.78,0.16,0.00)) [1,9]((0.00,0.00,0.00,0.00,-0.63,-3.12,3.13,0.62,0.00))
[1,8]((0.00,0.00,0.00,0.00,-0.63,0.00,0.62,0.00)) [1,9]((0.00,0.00,0.00,0.00,0.00,-2.50,0.00,2.50,0.00))
[1,8]((0.00,0.00,0.00,0.00,-0.16,-0.78,0.78,0.16)) [1,9]((0.00,0.00,0.00,0.00,0.00,-0.63,-3.12,3.13,0.62))

Spline range: [0, 4]
FTT range: [0, 8]
FTT scale: 0.5
/------------------------------------------------------------------------------\
| T   || Value      | Value (ftt)  || Derivative       | Derivative (ftt)      |
--------------------------------------------------------------------------------
| 0.00 || 0.00      | 0.00         || 0.00             |  0.00                 |
| 0.10 || 0.52      | 0.52         || 3.91             |  1.95                 |
| 0.20 || 4.17      | 4.17         || 15.63            |  7.81                 |
| 0.30 || 13.54     | 13.54        || 31.25            | 15.63                 |
| 0.40 || 29.17     | 29.17        || 46.88            | 23.44                 |
| 0.50 || 50.00     | 50.00        || 54.69            | 27.34                 |
| 0.60 || 70.83     | 70.83        || 46.88            | 23.44                 |
| 0.70 || 86.46     | 86.46        || 31.25            | 15.63                 |
| 0.80 || 95.83     | 95.83        || 15.63            |  7.81                 |
| 0.90 || 99.48     | 99.48        || 3.91             |  1.95                 |
| 1.00 || 100.00    | 100.00       || 0.00             |  0.00                 |
\------------------------------------------------------------------------------/

Gradient check.
Spline gradient.
Free time trajectory gradient.
Spline gradient.
Free time trajectory gradient.
Spline gradient.
Free time trajectory gradient.
Spline gradient.
Free time trajectory gradient.
Spline gradient.
Free time trajectory gradient.
Spline gradient.
Free time trajectory gradient.
Spline gradient.
Free time trajectory gradient.
Spline gradient.
Free time trajectory gradient.
Spline gradient.
Free time trajectory gradient.
Spline gradient.
Free time trajectory gradient.
Spline gradient.
Free time trajectory gradient.


Variation of the configuration w.r.t to parameters:
[1,8]((0.17,0.67,0.17,0.00,0.00,0.00,0.00,0.00))  [1,9]((0.00,0.17,0.67,0.17,0.00,0.00,0.00,0.00,0.00))
[1,8]((0.02,0.48,0.48,0.02,0.00,0.00,0.00,0.00))  [1,9]((0.00,0.02,0.48,0.48,0.02,0.00,0.00,0.00,0.00))
[1,8]((0.00,0.17,0.67,0.17,0.00,0.00,0.00,0.00))  [1,9]((0.00,0.00,0.17,0.67,0.17,0.00,0.00,0.00,0.00))
[1,8]((0.00,0.02,0.48,0.48,0.02,0.00,0.00,0.00))  [1,9]((0.00,0.00,0.02,0.48,0.48,0.02,0.00,0.00,0.00))
[1,8]((0.00,0.00,0.17,0.67,0.17,0.00,0.00,0.00))  [1,9]((0.00,0.00,0.00,0.17,0.67,0.17,0.00,0.00,0.00))
[1,8]((0.00,0.00,0.02,0.48,0.48,0.02,0.00,0.00))  [1,9]((0.00,0.00,0.00,0.02,0.48,0.48,0.02,0.00,0.00))
[1,8]((0.00,0.00,0.00,0.17,0.67,0.17,0.00,0.00))  [1,9]((0.00,0.00,0.00,0.00,0.17,0.67,0.17,0.00,0.00))
[1,8]((0.00,0.00,0.00,0.02,0.48,0.48,0.02,0.00))  [1,9]((0.00,0.00,0.00,0.00,0.02,0.48,0.48,0.02,0.00))
[1,8]((0.00,0.00,0.00,0.00,0.17,0.67,0.17,0.00))  [1,9]((0.00,0.00,0.00,0.00,0.00,0.17,0.67,0.17,0.00))
[1,8]((0.00,0.00,0.00,0.00,0.02,0.48,0.48,0.02))  [1,9]((0.00,0.00,0.00,0.00,0.00,0.02,0.48,0.48,0.02))
[1,8]((0.00,0.00,0.00,0.00,0.00,0.17,0.67,0.17))  [1,9]((0.00,0.00,0.00,0.00,0.00,0.00,0.17,0.67,0.17))


Variation of the derivative w.r.t to parameters:
[1,8]((-0.16,-0.78,0.78,0.16,0.00,0.00,0.00,0.00)) [1,9]((0.00,-0.63,-3.12,3.12,0.62,0.00,0.00,0.00,0.00))
[1,8]((0.00,-0.62,0.00,0.62,0.00,0.00,0.00,0.00)) [1,9]((0.00,0.00,-2.50,0.00,2.50,0.00,0.00,0.00,0.00))
[1,8]((0.00,-0.16,-0.78,0.78,0.16,0.00,0.00,0.00)) [1,9]((0.00,0.00,-0.62,-3.12,3.12,0.63,0.00,0.00,0.00))
[1,8]((0.00,0.00,-0.62,0.00,0.62,0.00,0.00,0.00)) [1,9]((0.00,0.00,0.00,-2.50,0.00,2.50,0.00,0.00,0.00))
[1,8]((0.00,0.00,-0.16,-0.78,0.78,0.16,0.00,0.00)) [1,9]((0.00,0.00,0.00,-0.63,-3.12,3.13,0.62,0.00,0.00))
[1,8]((0.00,0.00,0.00,-0.63,0.00,0.62,0.00,0.00)) [1,9]((0.00,0.00,0.00,0.00,-2.50,0.00,2.50,0.00,0.00))
[1,8]((0.00,0.00,0.00,-0.16,-0.78,0.78,0.16,0.00)) [1,9]((0.00,0.00,0.00,0.00,-0.63,-3.12,3.13,0.62,0.00))
[1,8]((0.00,0.00,0.00,0.00,-0.63,0.00,0.62,0.00)) [1,9]((0.00,0.00,0.00,0.00,0.00,-2.50,0.00,2.50,0.00))
[1,8]((0.00,0.00,0.00,0.00,-0.16,-0.78,0.78,0.16)) [1,9]((0.00,0.00,0.00,0.00,0.00,-0.63,-3.12,3.13,0.62))

Spline range: [0, 4]
FTT range: [0, 2]
FTT scale: 2
/------------------------------------------------------------------------------\
| T   || Value      | Value (ftt)  || Derivative       | Derivative (ftt)      |
--------------------------------------------------------------------------------
| 0.00 || 0.00      | 0.00         || 0.00             |  0.00                 |
| 0.10 || 0.52      | 0.52         || 3.91             |  7.81                 |
| 0.20 || 4.17      | 4.17         || 15.63            | 31.25                 |
| 0.30 || 13.54     | 13.54        || 31.25            | 62.50                 |
| 0.40 || 29.17     | 29.17        || 46.88            | 93.75                 |
| 0.50 || 50.00     | 50.00        || 54.69            | 109.38                |
| 0.60 || 70.83     | 70.83        || 46.88            | 93.75                 |
| 0.70 || 86.46     | 86.46        || 31.25            | 62.50                 |
| 0.80 || 95.83     | 95.83        || 15.63            | 31.25                 |
| 0.90 || 99.48     | 99.48        || 3.91             |  7.81                 |
| 1.00 || 100.00    | 100.00       || 0.00             |  0.00                 |
\------------------------------------------------------------------------------/

Gradient check.
Spline gradient.
Free time trajectory gradient.
Spline gradient.
Free time trajectory gradient.
Spline gradient.
Free time trajectory gradient.
Spline gradient.
Free time trajectory gradient.
Spline gradient.
Free time trajectory gradient.
Spline gradient.
Free time trajectory gradient.
Spline gradient.
Free time trajectory gradient.
Spline gradient.
Free time trajectory gradient.
Spline gradient.
Free time trajectory gradient.
Spline gradient.
Free time trajectory gradient.
Spline gradient.
Free time trajectory gradient.


Variation of the configuration w.r.t to parameters:
[1,8]((0.17,0.67,0.17,0.00,0.00,0.00,0.00,0.00))  [1,9]((0.00,0.17,0.67,0.17,0.00,0.00,0.00,0.00,0.00))
[1,8]((0.02,0.48,0.48,0.02,0.00,0.00,0.00,0.00))  [1,9]((0.00,0.02,0.48,0.48,0.02,0.00,0.00,0.00,0.00))
[1,8]((0.00,0.17,0.67,0.17,0.00,0.00,0.00,0.00))  [1,9]((0.00,0.00,0.17,0.67,0.17,0.00,0.00,0.00,0.00))
[1,8]((0.00,0.02,0.48,0.48,0.02,0.00,0.00,0.00))  [1,9]((0.00,0.00,0.02,0.48,0.48,0.02,0.00,0.00,0.00))
[1,8]((0.00,0.00,0.17,0.67,0.17,0.00,0.00,0.00))  [1,9]((0.00,0.00,0.00,0.17,0.67,0.17,0.00,0.00,0.00))
[1,8]((0.00,0.00,0.02,0.48,0.48,0.02,0.00,0.00))  [1,9]((0.00,0.00,0.00,0.02,0.48,0.48,0.02,0.00,0.00))
[1,8]((0.00,0.00,0.00,0.17,0.67,0.17,0.00,0.00))  [1,9]((0.00,0.00,0.00,0.00,0.17,0.67,0.17,0.00,0.00))
[1,8]((0.00,0.00,0.00,0.02,0.48,0.48,0.02,0.00))  [1,9]((0.00,0.00,0.00,0.00,0.02,0.48,0.48,0.02,0.00))
[1,8]((0.00,0.00,0.00,0.00,0.17,0.67,0.17,0.00))  [1,9]((0.00,0.00,0.00,0.00,0.00,0.17,0.67,0.17,0.00))
[1,8]((0.00,0.00,0.00,0.00,0.02,0.48,0.48,0.02))  [1,9]((0.00,0.00,0.00,0.00,0.00,0.02,0.48,0.48,0.02))
[1,8]((0.00,0.00,0.00,0.00,0.00,0.17,0.67,0.17))  [1,9]((0.00,0.00,0.00,0.00,0.00,0.00,0.17,0.67,0.17))


Variation of the derivative w.r.t to parameters:
[1,8]((-0.16,-0.78,0.78,0.16,0.00,0.00,0.00,0.00)) [1,9]((0.00,-0.63,-3.12,3.12,0.62,0.00,0.00,0.00,0.00))
[1,8]((0.00,-0.62,0.00,0.62,0.00,0.00,0.00,0.00)) [1,9]((0.00,0.00,-2.50,0.00,2.50,0.00,0.00,0.00,0.00))
[1,8]((0.00,-0.16,-0.78,0.78,0.16,0.00,0.00,0.00)) [1,9]((0.00,0.00,-0.62,-3.12,3.12,0.63,0.00,0.00,0.00))
[1,8]((0.00,0.00,-0.62,0.00,0.62,0.00,0.00,0.00)) [1,9]((0.00,0.00,0.00,-2.50,0.00,2.50,0.00,0.00,0.00))
[1,8]((0.00,0.00,-0.16,-0.78,0.78,0.16,0.00,0.00)) [1,9]((0.00,0.00,0.00,-0.63,-3.12,3.13,0.62,0.00,0.00))
[1,8]((0.00,0.00,0.00,-0.63,0.00,0.62,0.00,0.00)) [1,9]((0.00,0.00,0.00,0.00,-2.50,0.00,2.50,0.00,0.00))
[1,8]((0.00,0.00,0.00,-0.16,-0.78,0.78,0.16,0.00)) [1,9]((0.00,0.00,0.00,0.00,-0.63,-3.12,3.13,0.62,0.00))
[1,8]((0.00,0.00,0.00,0.00,-0.63,0.00,0.62,0.00)) [1,9]((0.00,0.00,0.00,0.00,0.00,-2.50,0.00,2.50,0.00))
[1,8]((0.00,0.00,0.00,0.00,-0.16,-0.78,0.78,0.16)) [1,9]((0.00,0.00,0.00,0.00,0.00,-0.63,-3.12,3.13,0.62))

