Spline range: [0, 4]
FTT range: [0, 4]
/------------------------------------------------------------------------------\
| T   || Value      | Value (ftt)  || Derivative       | Derivative (ftt)      |
--------------------------------------------------------------------------------
| 0   || 0          | 0            || 0                | 0                     |
| 0.1 || 0.00813802 | 0.00813802   || 0.244141         | 0.244141              |
| 0.2 || 0.0651042  | 0.0651042    || 0.976562         | 0.976562              |
| 0.3 || 0.219727   | 0.219727     || 2.19727          | 2.19727               |
| 0.4 || 0.520833   | 0.520833     || 3.90625          | 3.90625               |
| 0.5 || 1.01725    | 1.01725      || 6.10352          | 6.10352               |
| 0.6 || 1.75781    | 1.75781      || 8.78906          | 8.78906               |
| 0.7 || 2.79134    | 2.79134      || 11.9629          | 11.9629               |
| 0.8 || 4.16667    | 4.16667      || 15.625           | 15.625                |
| 0.9 || 5.92448    | 5.92448      || 19.5312          | 19.5312               |
| 1   || 8.07292    | 8.07292      || 23.4375          | 23.4375               |
| 1.1 || 10.612     | 10.612       || 27.3437          | 27.3437               |
| 1.2 || 13.5417    | 13.5417      || 31.25            | 31.25                 |
| 1.3 || 16.862     | 16.862       || 35.1562          | 35.1562               |
| 1.4 || 20.5729    | 20.5729      || 39.0625          | 39.0625               |
| 1.5 || 24.6745    | 24.6745      || 42.9688          | 42.9688               |
| 1.6 || 29.1667    | 29.1667      || 46.875           | 46.875                |
| 1.7 || 34.0332    | 34.0332      || 50.293           | 50.293                |
| 1.8 || 39.1927    | 39.1927      || 52.7344          | 52.7344               |
| 1.9 || 44.5475    | 44.5475      || 54.1992          | 54.1992               |
| 2   || 50         | 50           || 54.6875          | 54.6875               |
| 2.1 || 55.4525    | 55.4525      || 54.1992          | 54.1992               |
| 2.2 || 60.8073    | 60.8073      || 52.7344          | 52.7344               |
| 2.3 || 65.9668    | 65.9668      || 50.293           | 50.293                |
| 2.4 || 70.8333    | 70.8333      || 46.875           | 46.875                |
| 2.5 || 75.3255    | 75.3255      || 42.9687          | 42.9687               |
| 2.6 || 79.4271    | 79.4271      || 39.0625          | 39.0625               |
| 2.7 || 83.138     | 83.138       || 35.1562          | 35.1562               |
| 2.8 || 86.4583    | 86.4583      || 31.25            | 31.25                 |
| 2.9 || 89.388     | 89.388       || 27.3437          | 27.3437               |
| 3   || 91.9271    | 91.9271      || 23.4375          | 23.4375               |
| 3.1 || 94.0755    | 94.0755      || 19.5312          | 19.5312               |
| 3.2 || 95.8333    | 95.8333      || 15.625           | 15.625                |
| 3.3 || 97.2087    | 97.2087      || 11.9629          | 11.9629               |
| 3.4 || 98.2422    | 98.2422      || 8.78906          | 8.78906               |
| 3.5 || 98.9827    | 98.9827      || 6.10352          | 6.10352               |
| 3.6 || 99.4792    | 99.4792      || 3.90625          | 3.90625               |
| 3.7 || 99.7803    | 99.7803      || 2.19727          | 2.19727               |
| 3.8 || 99.9349    | 99.9349      || 0.976562         | 0.976562              |
| 3.9 || 99.9919    | 99.9919      || 0.244141         | 0.244141              |
| 4   || 100        | 100          || -2.08167e-14     | -2.08167e-14          |
\------------------------------------------------------------------------------/

Gradient check.
Spline gradient.
Free time trajectory gradient.
Spline gradient.
Free time trajectory gradient.
Spline gradient.
Free time trajectory gradient.
Spline gradient.
Free time trajectory gradient.
Spline gradient.
Free time trajectory gradient.
Spline gradient.
Free time trajectory gradient.
Spline gradient.
Free time trajectory gradient.
Spline gradient.
Free time trajectory gradient.
Spline gradient.
Free time trajectory gradient.
Spline gradient.
Free time trajectory gradient.
Spline gradient.
Free time trajectory gradient.
Spline gradient.
Free time trajectory gradient.
Spline gradient.
Free time trajectory gradient.
Spline gradient.
Free time trajectory gradient.
Spline gradient.
Free time trajectory gradient.
Spline gradient.
Free time trajectory gradient.
Spline gradient.
Free time trajectory gradient.
Spline gradient.
Free time trajectory gradient.
Spline gradient.
Free time trajectory gradient.
Spline gradient.
Free time trajectory gradient.
Spline gradient.
Free time trajectory gradient.
Spline gradient.
Free time trajectory gradient.
Spline gradient.
Free time trajectory gradient.
Spline gradient.
Free time trajectory gradient.
Spline gradient.
Free time trajectory gradient.
Spline gradient.
Free time trajectory gradient.
Spline gradient.
Free time trajectory gradient.
Spline gradient.
Free time trajectory gradient.
Spline gradient.
Free time trajectory gradient.
Spline gradient.
Free time trajectory gradient.
Spline gradient.
Free time trajectory gradient.
Spline gradient.
Free time trajectory gradient.
Spline gradient.
Free time trajectory gradient.
Spline gradient.
Free time trajectory gradient.
Spline gradient.
Free time trajectory gradient.
Spline gradient.
Free time trajectory gradient.
Spline gradient.
Free time trajectory gradient.
Spline gradient.
Free time trajectory gradient.
Spline gradient.
Free time trajectory gradient.
Spline gradient.
Free time trajectory gradient.
Spline gradient.
Free time trajectory gradient.

Variation of the derivative w.r.t to parameters:
[1,4]((0,0,0,0))                                  [1,5]((0,0,0,0,0))
[1,4]((-0.00976562,0.00976562,0,0))               [1,5]((0.268555,-0.00976562,0.00976562,0,0))
[1,4]((-0.0390625,0.0390625,0,0))                 [1,5]((1.17188,-0.0390625,0.0390625,0,0))
[1,4]((-0.0878906,0.0878906,0,0))                 [1,5]((2.85645,-0.0878906,0.0878906,0,0))
[1,4]((-0.15625,0.15625,0,0))                     [1,5]((5.46875,-0.15625,0.15625,0,0))
[1,4]((-0.244141,0.244141,0,0))                   [1,5]((9.15527,-0.244141,0.244141,0,0))
[1,4]((-0.351562,0.351562,0,0))                   [1,5]((14.0625,-0.351562,0.351562,0,0))
[1,4]((-0.478516,0.478516,0,0))                   [1,5]((20.3369,-0.478516,0.478516,0,0))
[1,4]((-0.625,0.625,0,0))                         [1,5]((28.125,-0.625,0.625,0,0))
[1,4]((-0.761719,0.751953,0.00976562,0))          [1,5]((37.1094,-0.761719,0.751953,0.00976562,0))
[1,4]((-0.859375,0.820312,0.0390625,0))           [1,5]((46.875,-0.859375,0.820312,0.0390625,0))
[1,4]((-0.917969,0.830078,0.0878906,0))           [1,5]((57.4219,-0.917969,0.830078,0.0878906,0))
[1,4]((-0.9375,0.78125,0.15625,0))                [1,5]((68.75,-0.9375,0.78125,0.15625,0))
[1,4]((-0.917969,0.673828,0.244141,0))            [1,5]((80.8594,-0.917969,0.673828,0.244141,0))
[1,4]((-0.859375,0.507812,0.351562,0))            [1,5]((93.75,-0.859375,0.507812,0.351562,0))
[1,4]((-0.761719,0.283203,0.478516,0))            [1,5]((107.422,-0.761719,0.283203,0.478516,0))
[1,4]((-0.625,-1.11022e-15,0.625,-0))             [1,5]((121.875,-0.625,-1.11022e-15,0.625,-0))
[1,4]((-0.478516,-0.283203,0.751953,0.00976563))  [1,5]((135.791,-0.478516,-0.283203,0.751953,0.00976563))
[1,4]((-0.351562,-0.507813,0.820313,0.0390625))   [1,5]((147.656,-0.351562,-0.507813,0.820313,0.0390625))
[1,4]((-0.244141,-0.673828,0.830078,0.0878906))   [1,5]((157.178,-0.244141,-0.673828,0.830078,0.0878906))
[1,4]((-0.15625,-0.78125,0.78125,0.15625))        [1,5]((164.063,-0.15625,-0.78125,0.78125,0.15625))
[1,4]((-0.0878906,-0.830078,0.673828,0.244141))   [1,5]((168.018,-0.0878906,-0.830078,0.673828,0.244141))
[1,4]((-0.0390625,-0.820312,0.507812,0.351563))   [1,5]((168.75,-0.0390625,-0.820312,0.507812,0.351563))
[1,4]((-0.00976562,-0.751953,0.283203,0.478516))  [1,5]((165.967,-0.00976562,-0.751953,0.283203,0.478516))
[1,4]((0,-0.625,-2.22045e-15,0.625))              [1,5]((159.375,0,-0.625,-2.22045e-15,0.625))
[1,4]((0,-0.478516,-0.283203,0.761719))           [1,5]((150.391,0,-0.478516,-0.283203,0.761719))
[1,4]((0,-0.351562,-0.507813,0.859375))           [1,5]((140.625,0,-0.351562,-0.507813,0.859375))
[1,4]((0,-0.244141,-0.673828,0.917969))           [1,5]((130.078,0,-0.244141,-0.673828,0.917969))
[1,4]((0,-0.15625,-0.78125,0.9375))               [1,5]((118.75,0,-0.15625,-0.78125,0.9375))
[1,4]((0,-0.0878906,-0.830078,0.917969))          [1,5]((106.641,0,-0.0878906,-0.830078,0.917969))
[1,4]((0,-0.0390625,-0.820312,0.859375))          [1,5]((93.75,0,-0.0390625,-0.820312,0.859375))
[1,4]((0,-0.00976562,-0.751953,0.761719))         [1,5]((80.0781,0,-0.00976562,-0.751953,0.761719))
[1,4]((0,0,-0.625,0.625))                         [1,5]((65.625,0,0,-0.625,0.625))
[1,4]((0,0,-0.478516,0.478516))                   [1,5]((51.4404,0,0,-0.478516,0.478516))
[1,4]((0,0,-0.351562,0.351562))                   [1,5]((38.6719,0,0,-0.351562,0.351562))
[1,4]((0,0,-0.244141,0.244141))                   [1,5]((27.4658,0,0,-0.244141,0.244141))
[1,4]((0,0,-0.15625,0.15625))                     [1,5]((17.9687,0,0,-0.15625,0.15625))
[1,4]((0,0,-0.0878906,0.0878906))                 [1,5]((10.3271,0,0,-0.0878906,0.0878906))
[1,4]((0,0,-0.0390625,0.0390625))                 [1,5]((4.6875,0,0,-0.0390625,0.0390625))
[1,4]((0,0,-0.00976562,0.00976562))               [1,5]((1.19629,0,0,-0.00976562,0.00976562))
[1,4]((0,0,0,0))                                  [1,5]((-1.04083e-13,0,0,0,0))

Spline range: [0, 4]
FTT range: [0, 8]
/------------------------------------------------------------------------------\
| T   || Value      | Value (ftt)  || Derivative       | Derivative (ftt)      |
--------------------------------------------------------------------------------
| 0   || 0          | 0            || 0                | 0                     |
| 0.1 || 0.00813802 | 0.00101725   || 0.244141         | 0.0305176             |
| 0.2 || 0.0651042  | 0.00813802   || 0.976562         | 0.12207               |
| 0.3 || 0.219727   | 0.0274658    || 2.19727          | 0.274658              |
| 0.4 || 0.520833   | 0.0651042    || 3.90625          | 0.488281              |
| 0.5 || 1.01725    | 0.127157     || 6.10352          | 0.762939              |
| 0.6 || 1.75781    | 0.219727     || 8.78906          | 1.09863               |
| 0.7 || 2.79134    | 0.348918     || 11.9629          | 1.49536               |
| 0.8 || 4.16667    | 0.520833     || 15.625           | 1.95312               |
| 0.9 || 5.92448    | 0.741577     || 19.5312          | 2.47192               |
| 1   || 8.07292    | 1.01725      || 23.4375          | 3.05176               |
| 1.1 || 10.612     | 1.35396      || 27.3437          | 3.69263               |
| 1.2 || 13.5417    | 1.75781      || 31.25            | 4.39453               |
| 1.3 || 16.862     | 2.2349       || 35.1562          | 5.15747               |
| 1.4 || 20.5729    | 2.79134      || 39.0625          | 5.98145               |
| 1.5 || 24.6745    | 3.43323      || 42.9688          | 6.86646               |
| 1.6 || 29.1667    | 4.16667      || 46.875           | 7.8125                |
| 1.7 || 34.0332    | 4.99674      || 50.293           | 8.78906               |
| 1.8 || 39.1927    | 5.92448      || 52.7344          | 9.76563               |
| 1.9 || 44.5475    | 6.94987      || 54.1992          | 10.7422               |
| 2   || 50         | 8.07292      || 54.6875          | 11.7188               |
| 2.1 || 55.4525    | 9.29362      || 54.1992          | 12.6953               |
| 2.2 || 60.8073    | 10.612       || 52.7344          | 13.6719               |
| 2.3 || 65.9668    | 12.028       || 50.293           | 14.6484               |
| 2.4 || 70.8333    | 13.5417      || 46.875           | 15.625                |
| 2.5 || 75.3255    | 15.153       || 42.9687          | 16.6016               |
| 2.6 || 79.4271    | 16.862       || 39.0625          | 17.5781               |
| 2.7 || 83.138     | 18.6686      || 35.1562          | 18.5547               |
| 2.8 || 86.4583    | 20.5729      || 31.25            | 19.5313               |
| 2.9 || 89.388     | 22.5749      || 27.3437          | 20.5078               |
| 3   || 91.9271    | 24.6745      || 23.4375          | 21.4844               |
| 3.1 || 94.0755    | 26.8717      || 19.5312          | 22.4609               |
| 3.2 || 95.8333    | 29.1667      || 15.625           | 23.4375               |
| 3.3 || 97.2087    | 31.5572      || 11.9629          | 24.353                |
| 3.4 || 98.2422    | 34.0332      || 8.78906          | 25.1465               |
| 3.5 || 98.9827    | 36.5824      || 6.10352          | 25.8179               |
| 3.6 || 99.4792    | 39.1927      || 3.90625          | 26.3672               |
| 3.7 || 99.7803    | 41.8518      || 2.19727          | 26.7944               |
| 3.8 || 99.9349    | 44.5475      || 0.976562         | 27.0996               |
| 3.9 || 99.9919    | 47.2677      || 0.244141         | 27.2827               |
| 4   || N/A        | 50           || N/A              | 27.3438               |
| 4.1 || N/A        | 52.7323      || N/A              | 27.2827               |
| 4.2 || N/A        | 55.4525      || N/A              | 27.0996               |
| 4.3 || N/A        | 58.1482      || N/A              | 26.7944               |
| 4.4 || N/A        | 60.8073      || N/A              | 26.3672               |
| 4.5 || N/A        | 63.4176      || N/A              | 25.8179               |
| 4.6 || N/A        | 65.9668      || N/A              | 25.1465               |
| 4.7 || N/A        | 68.4428      || N/A              | 24.353                |
| 4.8 || N/A        | 70.8333      || N/A              | 23.4375               |
| 4.9 || N/A        | 73.1283      || N/A              | 22.4609               |
| 5   || N/A        | 75.3255      || N/A              | 21.4844               |
| 5.1 || N/A        | 77.4251      || N/A              | 20.5078               |
| 5.2 || N/A        | 79.4271      || N/A              | 19.5313               |
| 5.3 || N/A        | 81.3314      || N/A              | 18.5547               |
| 5.4 || N/A        | 83.138       || N/A              | 17.5781               |
| 5.5 || N/A        | 84.847       || N/A              | 16.6016               |
| 5.6 || N/A        | 86.4583      || N/A              | 15.625                |
| 5.7 || N/A        | 87.972       || N/A              | 14.6484               |
| 5.8 || N/A        | 89.388       || N/A              | 13.6719               |
| 5.9 || N/A        | 90.7064      || N/A              | 12.6953               |
| 6   || N/A        | 91.9271      || N/A              | 11.7188               |
| 6.1 || N/A        | 93.0501      || N/A              | 10.7422               |
| 6.2 || N/A        | 94.0755      || N/A              | 9.76563               |
| 6.3 || N/A        | 95.0033      || N/A              | 8.78906               |
| 6.4 || N/A        | 95.8333      || N/A              | 7.8125                |
| 6.5 || N/A        | 96.5668      || N/A              | 6.86646               |
| 6.6 || N/A        | 97.2087      || N/A              | 5.98145               |
| 6.7 || N/A        | 97.7651      || N/A              | 5.15747               |
| 6.8 || N/A        | 98.2422      || N/A              | 4.39453               |
| 6.9 || N/A        | 98.646       || N/A              | 3.69263               |
| 7   || N/A        | 98.9827      || N/A              | 3.05176               |
| 7.1 || N/A        | 99.2584      || N/A              | 2.47192               |
| 7.2 || N/A        | 99.4792      || N/A              | 1.95313               |
| 7.3 || N/A        | 99.6511      || N/A              | 1.49536               |
| 7.4 || N/A        | 99.7803      || N/A              | 1.09863               |
| 7.5 || N/A        | 99.8728      || N/A              | 0.762939              |
| 7.6 || N/A        | 99.9349      || N/A              | 0.488281              |
| 7.7 || N/A        | 99.9725      || N/A              | 0.274658              |
| 7.8 || N/A        | 99.9919      || N/A              | 0.12207               |
| 7.9 || N/A        | 99.999       || N/A              | 0.0305176             |
| 8   || N/A        | 100          || N/A              | 4.69069e-15           |
\------------------------------------------------------------------------------/

Gradient check.
Spline gradient.
Free time trajectory gradient.
Spline gradient.
Free time trajectory gradient.
Spline gradient.
Free time trajectory gradient.
Spline gradient.
Free time trajectory gradient.
Spline gradient.
Free time trajectory gradient.
Spline gradient.
Free time trajectory gradient.
Spline gradient.
Free time trajectory gradient.
Spline gradient.
Free time trajectory gradient.
Spline gradient.
Free time trajectory gradient.
Spline gradient.
Free time trajectory gradient.
Spline gradient.
Free time trajectory gradient.
Spline gradient.
Free time trajectory gradient.
Spline gradient.
Free time trajectory gradient.
Spline gradient.
Free time trajectory gradient.
Spline gradient.
Free time trajectory gradient.
Spline gradient.
Free time trajectory gradient.
Spline gradient.
Free time trajectory gradient.
Spline gradient.
Free time trajectory gradient.
Spline gradient.
Free time trajectory gradient.
Spline gradient.
Free time trajectory gradient.
Spline gradient.
Free time trajectory gradient.
Spline gradient.
Free time trajectory gradient.
Spline gradient.
Free time trajectory gradient.
Spline gradient.
Free time trajectory gradient.
Spline gradient.
Free time trajectory gradient.
Spline gradient.
Free time trajectory gradient.
Spline gradient.
Free time trajectory gradient.
Spline gradient.
Free time trajectory gradient.
Spline gradient.
Free time trajectory gradient.
Spline gradient.
Free time trajectory gradient.
Spline gradient.
Free time trajectory gradient.
Spline gradient.
Free time trajectory gradient.
Spline gradient.
Free time trajectory gradient.
Spline gradient.
Free time trajectory gradient.
Spline gradient.
Free time trajectory gradient.
Spline gradient.
Free time trajectory gradient.
Spline gradient.
Free time trajectory gradient.
Spline gradient.
Free time trajectory gradient.
Spline gradient.
Free time trajectory gradient.
Spline gradient.
Free time trajectory gradient.
Spline gradient.
Free time trajectory gradient.
Spline gradient.
Free time trajectory gradient.
Spline gradient.
Free time trajectory gradient.
Spline gradient.
Free time trajectory gradient.
Spline gradient.
Free time trajectory gradient.
Spline gradient.
Free time trajectory gradient.
Spline gradient.
Free time trajectory gradient.
Spline gradient.
Free time trajectory gradient.
Spline gradient.
Free time trajectory gradient.
Spline gradient.
Free time trajectory gradient.
Spline gradient.
Free time trajectory gradient.
Spline gradient.
Free time trajectory gradient.
Spline gradient.
Free time trajectory gradient.
Spline gradient.
Free time trajectory gradient.
Spline gradient.
Free time trajectory gradient.
Spline gradient.
Free time trajectory gradient.
Spline gradient.
Free time trajectory gradient.
Spline gradient.
Free time trajectory gradient.
Spline gradient.
Free time trajectory gradient.
Spline gradient.
Free time trajectory gradient.
Spline gradient.
Free time trajectory gradient.
Spline gradient.
Free time trajectory gradient.
Spline gradient.
Free time trajectory gradient.
Spline gradient.
Free time trajectory gradient.
Spline gradient.
Free time trajectory gradient.
Spline gradient.
Free time trajectory gradient.
Spline gradient.
Free time trajectory gradient.
Spline gradient.
Free time trajectory gradient.
Spline gradient.
Free time trajectory gradient.
Spline gradient.
Free time trajectory gradient.
Spline gradient.
Free time trajectory gradient.
Spline gradient.
Free time trajectory gradient.
Spline gradient.
Free time trajectory gradient.
Spline gradient.
Free time trajectory gradient.
Spline gradient.
Free time trajectory gradient.
Spline gradient.
Free time trajectory gradient.
Spline gradient.
Free time trajectory gradient.
Spline gradient.
Free time trajectory gradient.
Spline gradient.
Free time trajectory gradient.
Spline gradient.
Free time trajectory gradient.
Spline gradient.
Free time trajectory gradient.

Variation of the derivative w.r.t to parameters:
[1,4]((0,0,0,0))                                  [1,5]((0,0,0,0,0))
[1,4]((-0.00976562,0.00976562,0,0))               [1,5]((0.0640869,-0.0012207,0.0012207,0,0))
[1,4]((-0.0390625,0.0390625,0,0))                 [1,5]((0.268555,-0.00488281,0.00488281,0,0))
[1,4]((-0.0878906,0.0878906,0,0))                 [1,5]((0.631714,-0.0109863,0.0109863,0,0))
[1,4]((-0.15625,0.15625,0,0))                     [1,5]((1.17188,-0.0195312,0.0195312,0,0))
[1,4]((-0.244141,0.244141,0,0))                   [1,5]((1.90735,-0.0305176,0.0305176,0,0))
[1,4]((-0.351562,0.351562,0,0))                   [1,5]((2.85645,-0.0439453,0.0439453,0,0))
[1,4]((-0.478516,0.478516,0,0))                   [1,5]((4.03748,-0.0598145,0.0598145,0,0))
[1,4]((-0.625,0.625,0,0))                         [1,5]((5.46875,-0.078125,0.078125,0,0))
[1,4]((-0.761719,0.751953,0.00976562,0))          [1,5]((7.16858,-0.098877,0.098877,0,0))
[1,4]((-0.859375,0.820312,0.0390625,0))           [1,5]((9.15527,-0.12207,0.12207,0,0))
[1,4]((-0.917969,0.830078,0.0878906,0))           [1,5]((11.4471,-0.147705,0.147705,0,0))
[1,4]((-0.9375,0.78125,0.15625,0))                [1,5]((14.0625,-0.175781,0.175781,0,0))
[1,4]((-0.917969,0.673828,0.244141,0))            [1,5]((17.0197,-0.206299,0.206299,0,0))
[1,4]((-0.859375,0.507812,0.351562,0))            [1,5]((20.3369,-0.239258,0.239258,0,0))
[1,4]((-0.761719,0.283203,0.478516,0))            [1,5]((24.0326,-0.274658,0.274658,0,0))
[1,4]((-0.625,-1.11022e-15,0.625,-0))             [1,5]((28.125,-0.3125,0.3125,1.54074e-32,0))
[1,4]((-0.478516,-0.283203,0.751953,0.00976563))  [1,5]((32.5195,-0.349121,0.3479,0.0012207,0))
[1,4]((-0.351562,-0.507813,0.820313,0.0390625))   [1,5]((37.1094,-0.380859,0.375977,0.00488281,0))
[1,4]((-0.244141,-0.673828,0.830078,0.0878906))   [1,5]((41.8945,-0.407715,0.396729,0.0109863,0))
[1,4]((-0.15625,-0.78125,0.78125,0.15625))        [1,5]((46.875,-0.429688,0.410156,0.0195313,0))
[1,4]((-0.0878906,-0.830078,0.673828,0.244141))   [1,5]((52.0508,-0.446777,0.41626,0.0305176,0))
[1,4]((-0.0390625,-0.820312,0.507812,0.351563))   [1,5]((57.4219,-0.458984,0.415039,0.0439453,0))
[1,4]((-0.00976562,-0.751953,0.283203,0.478516))  [1,5]((62.9883,-0.466309,0.406494,0.0598145,0))
[1,4]((0,-0.625,-2.22045e-15,0.625))              [1,5]((68.75,-0.46875,0.390625,0.078125,0))
[1,4]((0,-0.478516,-0.283203,0.761719))           [1,5]((74.707,-0.466309,0.367432,0.098877,0))
[1,4]((0,-0.351562,-0.507813,0.859375))           [1,5]((80.8594,-0.458984,0.336914,0.12207,0))
[1,4]((0,-0.244141,-0.673828,0.917969))           [1,5]((87.207,-0.446777,0.299072,0.147705,0))
[1,4]((0,-0.15625,-0.78125,0.9375))               [1,5]((93.75,-0.429687,0.253906,0.175781,0))
[1,4]((0,-0.0878906,-0.830078,0.917969))          [1,5]((100.488,-0.407715,0.201416,0.206299,0))
[1,4]((0,-0.0390625,-0.820312,0.859375))          [1,5]((107.422,-0.380859,0.141602,0.239258,0))
[1,4]((0,-0.00976562,-0.751953,0.761719))         [1,5]((114.551,-0.349121,0.0744629,0.274658,0))
[1,4]((0,0,-0.625,0.625))                         [1,5]((121.875,-0.3125,-1.11022e-15,0.3125,-0))
[1,4]((0,0,-0.478516,0.478516))                   [1,5]((129.071,-0.274658,-0.0744629,0.3479,0.0012207))
[1,4]((0,0,-0.351562,0.351562))                   [1,5]((135.791,-0.239258,-0.141602,0.375977,0.00488281))
[1,4]((0,0,-0.244141,0.244141))                   [1,5]((141.998,-0.206299,-0.201416,0.396729,0.0109863))
[1,4]((0,0,-0.15625,0.15625))                     [1,5]((147.656,-0.175781,-0.253906,0.410156,0.0195313))
[1,4]((0,0,-0.0878906,0.0878906))                 [1,5]((152.728,-0.147705,-0.299072,0.41626,0.0305176))
[1,4]((0,0,-0.0390625,0.0390625))                 [1,5]((157.178,-0.12207,-0.336914,0.415039,0.0439453))
[1,4]((0,0,-0.00976562,0.00976562))               [1,5]((160.968,-0.098877,-0.367432,0.406494,0.0598145))
N/A                                               [1,5]((164.063,-0.078125,-0.390625,0.390625,0.078125))
N/A                                               [1,5]((166.425,-0.0598145,-0.406494,0.367432,0.098877))
N/A                                               [1,5]((168.018,-0.0439453,-0.415039,0.336914,0.12207))
N/A                                               [1,5]((168.805,-0.0305176,-0.41626,0.299072,0.147705))
N/A                                               [1,5]((168.75,-0.0195312,-0.410156,0.253906,0.175781))
N/A                                               [1,5]((167.816,-0.0109863,-0.396729,0.201416,0.206299))
N/A                                               [1,5]((165.967,-0.00488281,-0.375977,0.141602,0.239258))
N/A                                               [1,5]((163.165,-0.0012207,-0.3479,0.0744629,0.274658))
N/A                                               [1,5]((159.375,0,-0.3125,1.11022e-15,0.3125))
N/A                                               [1,5]((154.98,0,-0.274658,-0.0744629,0.349121))
N/A                                               [1,5]((150.391,0,-0.239258,-0.141602,0.380859))
N/A                                               [1,5]((145.605,0,-0.206299,-0.201416,0.407715))
N/A                                               [1,5]((140.625,0,-0.175781,-0.253906,0.429687))
N/A                                               [1,5]((135.449,0,-0.147705,-0.299072,0.446777))
N/A                                               [1,5]((130.078,0,-0.12207,-0.336914,0.458984))
N/A                                               [1,5]((124.512,0,-0.098877,-0.367432,0.466309))
N/A                                               [1,5]((118.75,0,-0.078125,-0.390625,0.46875))
N/A                                               [1,5]((112.793,0,-0.0598145,-0.406494,0.466309))
N/A                                               [1,5]((106.641,0,-0.0439453,-0.415039,0.458984))
N/A                                               [1,5]((100.293,0,-0.0305176,-0.41626,0.446777))
N/A                                               [1,5]((93.75,0,-0.0195313,-0.410156,0.429688))
N/A                                               [1,5]((87.0117,0,-0.0109863,-0.396729,0.407715))
N/A                                               [1,5]((80.0781,0,-0.00488281,-0.375977,0.380859))
N/A                                               [1,5]((72.9492,0,-0.0012207,-0.3479,0.349121))
N/A                                               [1,5]((65.625,0,0,-0.3125,0.3125))
N/A                                               [1,5]((58.3649,0,0,-0.274658,0.274658))
N/A                                               [1,5]((51.4404,0,0,-0.239258,0.239258))
N/A                                               [1,5]((44.87,0,0,-0.206299,0.206299))
N/A                                               [1,5]((38.6719,0,0,-0.175781,0.175781))
N/A                                               [1,5]((32.8644,0,0,-0.147705,0.147705))
N/A                                               [1,5]((27.4658,0,0,-0.12207,0.12207))
N/A                                               [1,5]((22.4945,0,0,-0.098877,0.098877))
N/A                                               [1,5]((17.9688,0,0,-0.078125,0.078125))
N/A                                               [1,5]((13.9069,0,0,-0.0598145,0.0598145))
N/A                                               [1,5]((10.3271,0,0,-0.0439453,0.0439453))
N/A                                               [1,5]((7.24792,0,0,-0.0305176,0.0305176))
N/A                                               [1,5]((4.6875,0,0,-0.0195313,0.0195313))
N/A                                               [1,5]((2.66418,0,0,-0.0109863,0.0109863))
N/A                                               [1,5]((1.19629,0,0,-0.00488281,0.00488281))
N/A                                               [1,5]((0.302124,0,0,-0.0012207,0.0012207))
N/A                                               [1,5]((4.69069e-14,0,0,0,2.22045e-16))

Spline range: [0, 4]
FTT range: [0, 2]
/------------------------------------------------------------------------------\
| T   || Value      | Value (ftt)  || Derivative       | Derivative (ftt)      |
--------------------------------------------------------------------------------
| 0   || 0          | 0            || 0                | 0                     |
| 0.1 || 0.00813802 | 0.0651042    || 0.244141         | 1.95312               |
| 0.2 || 0.0651042  | 0.520833     || 0.976562         | 7.8125                |
| 0.3 || 0.219727   | 1.75781      || 2.19727          | 17.5781               |
| 0.4 || 0.520833   | 4.16667      || 3.90625          | 31.25                 |
| 0.5 || 1.01725    | 8.07292      || 6.10352          | 46.875                |
| 0.6 || 1.75781    | 13.5417      || 8.78906          | 62.5                  |
| 0.7 || 2.79134    | 20.5729      || 11.9629          | 78.125                |
| 0.8 || 4.16667    | 29.1667      || 15.625           | 93.75                 |
| 0.9 || 5.92448    | 39.1927      || 19.5312          | 105.469               |
| 1   || 8.07292    | 50           || 23.4375          | 109.375               |
| 1.1 || 10.612     | 60.8073      || 27.3437          | 105.469               |
| 1.2 || 13.5417    | 70.8333      || 31.25            | 93.75                 |
| 1.3 || 16.862     | 79.4271      || 35.1562          | 78.125                |
| 1.4 || 20.5729    | 86.4583      || 39.0625          | 62.5                  |
| 1.5 || 24.6745    | 91.9271      || 42.9688          | 46.875                |
| 1.6 || 29.1667    | 95.8333      || 46.875           | 31.25                 |
| 1.7 || 34.0332    | 98.2422      || 50.293           | 17.5781               |
| 1.8 || 39.1927    | 99.4792      || 52.7344          | 7.8125                |
| 1.9 || 44.5475    | 99.9349      || 54.1992          | 1.95312               |
| 2   || 50         | 100          || 54.6875          | -4.16334e-14          |
\------------------------------------------------------------------------------/

Gradient check.
Spline gradient.
Free time trajectory gradient.
Spline gradient.
Free time trajectory gradient.
Spline gradient.
Free time trajectory gradient.
Spline gradient.
Free time trajectory gradient.
Spline gradient.
Free time trajectory gradient.
Spline gradient.
Free time trajectory gradient.
Spline gradient.
Free time trajectory gradient.
Spline gradient.
Free time trajectory gradient.
Spline gradient.
Free time trajectory gradient.
Spline gradient.
Free time trajectory gradient.
Spline gradient.
Free time trajectory gradient.
Spline gradient.
Free time trajectory gradient.
Spline gradient.
Free time trajectory gradient.
Spline gradient.
Free time trajectory gradient.
Spline gradient.
Free time trajectory gradient.
Spline gradient.
Free time trajectory gradient.
Spline gradient.
Free time trajectory gradient.
Spline gradient.
Free time trajectory gradient.
Spline gradient.
Free time trajectory gradient.
Spline gradient.
Free time trajectory gradient.
Spline gradient.
Free time trajectory gradient.

Variation of the derivative w.r.t to parameters:
[1,4]((0,0,0,0))                                  [1,5]((0,0,0,0,0))
[1,4]((-0.00976562,0.00976562,0,0))               [1,5]((1.17188,-0.078125,0.078125,0,0))
[1,4]((-0.0390625,0.0390625,0,0))                 [1,5]((5.46875,-0.3125,0.3125,0,0))
[1,4]((-0.0878906,0.0878906,0,0))                 [1,5]((14.0625,-0.703125,0.703125,0,0))
[1,4]((-0.15625,0.15625,0,0))                     [1,5]((28.125,-1.25,1.25,0,0))
[1,4]((-0.244141,0.244141,0,0))                   [1,5]((46.875,-1.71875,1.64062,0.078125,0))
[1,4]((-0.351562,0.351562,0,0))                   [1,5]((68.75,-1.875,1.5625,0.3125,0))
[1,4]((-0.478516,0.478516,0,0))                   [1,5]((93.75,-1.71875,1.01563,0.703125,0))
[1,4]((-0.625,0.625,0,0))                         [1,5]((121.875,-1.25,1.11022e-15,1.25,0))
[1,4]((-0.761719,0.751953,0.00976562,0))          [1,5]((147.656,-0.703125,-1.01562,1.64062,0.078125))
[1,4]((-0.859375,0.820312,0.0390625,0))           [1,5]((164.062,-0.3125,-1.5625,1.5625,0.3125))
[1,4]((-0.917969,0.830078,0.0878906,0))           [1,5]((168.75,-0.078125,-1.64063,1.01563,0.703125))
[1,4]((-0.9375,0.78125,0.15625,0))                [1,5]((159.375,0,-1.25,2.22045e-15,1.25))
[1,4]((-0.917969,0.673828,0.244141,0))            [1,5]((140.625,0,-0.703125,-1.01562,1.71875))
[1,4]((-0.859375,0.507812,0.351562,0))            [1,5]((118.75,0,-0.3125,-1.5625,1.875))
[1,4]((-0.761719,0.283203,0.478516,0))            [1,5]((93.75,0,-0.078125,-1.64062,1.71875))
[1,4]((-0.625,-1.11022e-15,0.625,-0))             [1,5]((65.625,0,0,-1.25,1.25))
[1,4]((-0.478516,-0.283203,0.751953,0.00976563))  [1,5]((38.6719,0,0,-0.703125,0.703125))
[1,4]((-0.351562,-0.507813,0.820313,0.0390625))   [1,5]((17.9687,0,0,-0.3125,0.3125))
[1,4]((-0.244141,-0.673828,0.830078,0.0878906))   [1,5]((4.6875,0,0,-0.078125,0.078125))
[1,4]((-0.15625,-0.78125,0.78125,0.15625))        [1,5]((-1.04083e-13,0,0,0,0))

