0
-42
42
1 * x**1 + 42 (x = t)
1 * x**1 + 42 (x = t - 3)
1 * x**1 - 42 (x = t)
-1 * x**1 - 42 (x = t - 3)
-1 * x**1 + 42 (x = t - 3)
