Cubic B-spline:
  Name: B-spline 1
  Number of parameters per spline function: 13
  Length: 1
  Parameters: [13](40,25,5,0,8,15,0,10,3,-5,15,22,35)
  Knot vector: [17](-0.3,-0.2,-0.1,0,0.1,0.2,0.3,0.4,0.5,0.6,0.7,0.8,0.9,1,1.1,1.2,1.3)
Cubic B-spline:
  Name: B-spline 2
  Number of parameters per spline function: 13
  Length: 1
  Parameters: [13](10,12,9,8,25,15,24,20,1,5,12,-12,3)
  Knot vector: [17](0,0,0,0,0.1,0.2,0.3,0.4,0.5,0.6,0.7,0.8,0.9,1,1,1,1)
Problem:
  Jerk (numeric quadratic function):
    A = [26,26]((0.005,-0.015,0.015,-0.005,0,0,0,0,0,0,0,0,0,0,0,0,0,0,0,0,0,0,0,0,0,0), (-0.015,0.05,-0.06,0.03,-0.005,0,0,0,0,0,0,0,0,0,0,0,0,0,0,0,0,0,0,0,0,0), (0.015,-0.06,0.095,-0.075,0.03,-0.005,0,0,0,0,0,0,0,0,0,0,0,0,0,0,0,0,0,0,0,0), (-0.005,0.03,-0.075,0.1,-0.075,0.03,-0.005,0,0,0,0,0,0,0,0,0,0,0,0,0,0,0,0,0,0,0), (0,-0.005,0.03,-0.075,0.1,-0.075,0.03,-0.005,0,0,0,0,0,0,0,0,0,0,0,0,0,0,0,0,0,0), (0,0,-0.005,0.03,-0.075,0.1,-0.075,0.03,-0.005,0,0,0,0,0,0,0,0,0,0,0,0,0,0,0,0,0), (0,0,0,-0.005,0.03,-0.075,0.1,-0.075,0.03,-0.005,0,0,0,0,0,0,0,0,0,0,0,0,0,0,0,0), (0,0,0,0,-0.005,0.03,-0.075,0.1,-0.075,0.03,-0.005,0,0,0,0,0,0,0,0,0,0,0,0,0,0,0), (0,0,0,0,0,-0.005,0.03,-0.075,0.1,-0.075,0.03,-0.005,0,0,0,0,0,0,0,0,0,0,0,0,0,0), (0,0,0,0,0,0,-0.005,0.03,-0.075,0.1,-0.075,0.03,-0.005,0,0,0,0,0,0,0,0,0,0,0,0,0), (0,0,0,0,0,0,0,-0.005,0.03,-0.075,0.095,-0.06,0.015,0,0,0,0,0,0,0,0,0,0,0,0,0), (0,0,0,0,0,0,0,0,-0.005,0.03,-0.06,0.05,-0.015,0,0,0,0,0,0,0,0,0,0,0,0,0), (0,0,0,0,0,0,0,0,0,-0.005,0.015,-0.015,0.005,0,0,0,0,0,0,0,0,0,0,0,0,0), (0,0,0,0,0,0,0,0,0,0,0,0,0,0.18,-0.315,0.165,-0.03,0,0,0,0,0,0,0,0,0), (0,0,0,0,0,0,0,0,0,0,0,0,0,-0.315,0.5625,-0.315,0.075,-0.0075,0,0,0,0,0,0,0,0), (0,0,0,0,0,0,0,0,0,0,0,0,0,0.165,-0.315,0.2175,-0.095,0.0325,-0.005,0,0,0,0,0,0,0), (0,0,0,0,0,0,0,0,0,0,0,0,0,-0.03,0.075,-0.095,0.1,-0.075,0.03,-0.005,0,0,0,0,0,0), (0,0,0,0,0,0,0,0,0,0,0,0,0,0,-0.0075,0.0325,-0.075,0.1,-0.075,0.03,-0.005,0,0,0,0,0), (0,0,0,0,0,0,0,0,0,0,0,0,0,0,0,-0.005,0.03,-0.075,0.1,-0.075,0.03,-0.005,0,0,0,0), (0,0,0,0,0,0,0,0,0,0,0,0,0,0,0,0,-0.005,0.03,-0.075,0.1,-0.075,0.03,-0.005,0,0,0), (0,0,0,0,0,0,0,0,0,0,0,0,0,0,0,0,0,-0.005,0.03,-0.075,0.1,-0.075,0.03,-0.005,0,0), (0,0,0,0,0,0,0,0,0,0,0,0,0,0,0,0,0,0,-0.005,0.03,-0.075,0.1,-0.075,0.0325,-0.0075,0), (0,0,0,0,0,0,0,0,0,0,0,0,0,0,0,0,0,0,0,-0.005,0.03,-0.075,0.1,-0.095,0.075,-0.03), (0,0,0,0,0,0,0,0,0,0,0,0,0,0,0,0,0,0,0,0,-0.005,0.0325,-0.095,0.2175,-0.315,0.165), (0,0,0,0,0,0,0,0,0,0,0,0,0,0,0,0,0,0,0,0,0,-0.0075,0.075,-0.315,0.5625,-0.315), (0,0,0,0,0,0,0,0,0,0,0,0,0,0,0,0,0,0,0,0,0,0,-0.03,0.165,-0.315,0.18))
    B = [26](0,0,0,0,0,0,0,0,0,0,0,0,0,0,0,0,0,0,0,0,0,0,0,0,0,0)
    c = [1](0)
  Objective scaling: 1
  Arguments bounds: (-inf, inf), (-inf, inf), (-inf, inf), (-inf, inf), (-inf, inf), (-inf, inf), (-inf, inf), (-inf, inf), (-inf, inf), (-inf, inf), (-inf, inf), (-inf, inf), (-inf, inf), (-inf, inf), (-inf, inf), (-inf, inf), (-inf, inf), (-inf, inf), (-inf, inf), (-inf, inf), (-inf, inf), (-inf, inf), (-inf, inf), (-inf, inf), (-inf, inf), (-inf, inf)
  Arguments scaling: 1, 1, 1, 1, 1, 1, 1, 1, 1, 1, 1, 1, 1, 1, 1, 1, 1, 1, 1, 1, 1, 1, 1, 1, 1, 1
  Number of constraints: 4
  Constraint 0
      f(t) / t ∈ [0.02,0.1] (B-spline 1) (differentiable function)
      Bounds: (0, inf), (-inf, 5)
      Scaling: 1, 1
      Initial value: [2](7.5, 20.5933) (constraint not satisfied)
  Constraint 1
      f(t) / t ∈ [0.02,0.1] (B-spline 2) (differentiable function)
      Bounds: (0, inf), (-inf, 5)
      Scaling: 1, 1
      Initial value: [2](9.58333, 10.9897) (constraint not satisfied)
  Constraint 2
      f^(1)(t) / t ∈ [0.62,0.7] (B-spline 1) (differentiable function)
      Bounds: (1, inf), (-inf, 10)
      Scaling: 1, 1
      Initial value: [2](-75, -15.8) (constraint not satisfied)
  Constraint 3
      f^(1)(t) / t ∈ [0.62,0.7] (B-spline 2) (differentiable function)
      Bounds: (3, inf), (-inf, 8)
      Scaling: 1, 1
      Initial value: [2](-144.605, -75) (constraint not satisfied)
  Starting point: [26](40,25,5,0,8,15,0,10,3,-5,15,22,35,10,12,9,8,25,15,24,20,1,5,12,-12,3)
  Starting value: [1](300.588)
  Infinity value (for all functions): inf
