Solver:
  Plugin: ipopt
  Problem:
    Numeric linear function
      A = [7](-1,0,0,0,0,0,0)
      B = [1](0)
    Arguments bounds: (0, inf), (-inf, inf), (-inf, inf), (-inf, inf), (-inf, inf), (-inf, inf), (-inf, inf)
    Arguments scales: 1, 1, 1, 1, 1, 1, 1
    Number of constraints: 32
    Constraint 0
        Numeric linear function
          A = [7](0,0.166667,0.666667,0.166667,0,0,0)
          B = [1](-0)
        Bounds: (0, 0)
        Scales: 1
        Initial value: [1](0)
    Constraint 1
        Numeric linear function
          A = [7](0,0,0,0,0.166667,0.666667,0.166667)
          B = [1](-200)
        Bounds: (0, 0)
        Scales: 1
        Initial value: [1](-5.68434e-14) (constraint not satisfied)
    Constraint 2
        speed limit (0.0322581) (differentiable function)
        Bounds: (-inf, 3612.5)
        Scales: 1
        Initial value: [1](0.246678)
    Constraint 3
        speed limit (0.0645161) (differentiable function)
        Bounds: (-inf, 3612.5)
        Scales: 1
        Initial value: [1](3.94685)
    Constraint 4
        speed limit (0.0967742) (differentiable function)
        Bounds: (-inf, 3612.5)
        Scales: 1
        Initial value: [1](19.9809)
    Constraint 5
        speed limit (0.129032) (differentiable function)
        Bounds: (-inf, 3612.5)
        Scales: 1
        Initial value: [1](63.1496)
    Constraint 6
        speed limit (0.16129) (differentiable function)
        Bounds: (-inf, 3612.5)
        Scales: 1
        Initial value: [1](154.174)
    Constraint 7
        speed limit (0.193548) (differentiable function)
        Bounds: (-inf, 3612.5)
        Scales: 1
        Initial value: [1](319.695)
    Constraint 8
        speed limit (0.225806) (differentiable function)
        Bounds: (-inf, 3612.5)
        Scales: 1
        Initial value: [1](592.274)
    Constraint 9
        speed limit (0.258065) (differentiable function)
        Bounds: (-inf, 3612.5)
        Scales: 1
        Initial value: [1](1010.39)
    Constraint 10
        speed limit (0.290323) (differentiable function)
        Bounds: (-inf, 3612.5)
        Scales: 1
        Initial value: [1](1618.46)
    Constraint 11
        speed limit (0.322581) (differentiable function)
        Bounds: (-inf, 3612.5)
        Scales: 1
        Initial value: [1](2466.78)
    Constraint 12
        speed limit (0.354839) (differentiable function)
        Bounds: (-inf, 3612.5)
        Scales: 1
        Initial value: [1](3532.46)
    Constraint 13
        speed limit (0.387097) (differentiable function)
        Bounds: (-inf, 3612.5)
        Scales: 1
        Initial value: [1](4540.22) (constraint not satisfied)
    Constraint 14
        speed limit (0.419355) (differentiable function)
        Bounds: (-inf, 3612.5)
        Scales: 1
        Initial value: [1](5378.93) (constraint not satisfied)
    Constraint 15
        speed limit (0.451613) (differentiable function)
        Bounds: (-inf, 3612.5)
        Scales: 1
        Initial value: [1](5977.53) (constraint not satisfied)
    Constraint 16
        speed limit (0.483871) (differentiable function)
        Bounds: (-inf, 3612.5)
        Scales: 1
        Initial value: [1](6288.68) (constraint not satisfied)
    Constraint 17
        speed limit (0.516129) (differentiable function)
        Bounds: (-inf, 3612.5)
        Scales: 1
        Initial value: [1](6288.68) (constraint not satisfied)
    Constraint 18
        speed limit (0.548387) (differentiable function)
        Bounds: (-inf, 3612.5)
        Scales: 1
        Initial value: [1](5977.53) (constraint not satisfied)
    Constraint 19
        speed limit (0.580645) (differentiable function)
        Bounds: (-inf, 3612.5)
        Scales: 1
        Initial value: [1](5378.93) (constraint not satisfied)
    Constraint 20
        speed limit (0.612903) (differentiable function)
        Bounds: (-inf, 3612.5)
        Scales: 1
        Initial value: [1](4540.22) (constraint not satisfied)
    Constraint 21
        speed limit (0.645161) (differentiable function)
        Bounds: (-inf, 3612.5)
        Scales: 1
        Initial value: [1](3532.46)
    Constraint 22
        speed limit (0.677419) (differentiable function)
        Bounds: (-inf, 3612.5)
        Scales: 1
        Initial value: [1](2466.78)
    Constraint 23
        speed limit (0.709677) (differentiable function)
        Bounds: (-inf, 3612.5)
        Scales: 1
        Initial value: [1](1618.46)
    Constraint 24
        speed limit (0.741935) (differentiable function)
        Bounds: (-inf, 3612.5)
        Scales: 1
        Initial value: [1](1010.39)
    Constraint 25
        speed limit (0.774194) (differentiable function)
        Bounds: (-inf, 3612.5)
        Scales: 1
        Initial value: [1](592.274)
    Constraint 26
        speed limit (0.806452) (differentiable function)
        Bounds: (-inf, 3612.5)
        Scales: 1
        Initial value: [1](319.695)
    Constraint 27
        speed limit (0.83871) (differentiable function)
        Bounds: (-inf, 3612.5)
        Scales: 1
        Initial value: [1](154.174)
    Constraint 28
        speed limit (0.870968) (differentiable function)
        Bounds: (-inf, 3612.5)
        Scales: 1
        Initial value: [1](63.1496)
    Constraint 29
        speed limit (0.903226) (differentiable function)
        Bounds: (-inf, 3612.5)
        Scales: 1
        Initial value: [1](19.9809)
    Constraint 30
        speed limit (0.935484) (differentiable function)
        Bounds: (-inf, 3612.5)
        Scales: 1
        Initial value: [1](3.94685)
    Constraint 31
        speed limit (0.967742) (differentiable function)
        Bounds: (-inf, 3612.5)
        Scales: 1
        Initial value: [1](0.246678)
    Starting point: [7](1,0,0,0,200,200,200)
    Starting value: [1](-1)
    Infinity value (for all functions): inf
  Parameters:
    ipopt.acceptable_compl_inf_tol ("acceptance" threshold for the complementarity conditions): 0.01
    ipopt.acceptable_constr_viol_tol ("acceptance" threshold for the constraint violation): 0.01
    ipopt.acceptable_dual_inf_tol ("acceptance" threshold for the dual infeasibility): 1e+10
    ipopt.acceptable_iter (number of "acceptable" iterates before triggering termination): 15
    ipopt.acceptable_tol ("acceptable" convergence tolerance (relative)): 0.05
    ipopt.compl_inf_tol (desired threshold for the complementarity conditions): 0.0001
    ipopt.constr_viol_tol (desired threshold for the constraint violation): 0.0001
    ipopt.derivative_test (enable derivative checker): none
    ipopt.dual_inf_tol (desired threshold for the dual infeasibility): 1
    ipopt.expect_infeasible_problem (enable heuristics to quickly detect an infeasible problem): no
    ipopt.file_print_level (verbosity level for output file): 5
    ipopt.hessian_approximation (): limited-memory
    ipopt.linear_solver (linear solver): mumps
    ipopt.mu_strategy (update strategy for barrier parameter): adaptive
    ipopt.nlp_scaling_max_gradient (maximum gradient after NLP scaling): 100
    ipopt.nlp_scaling_method (technique used for scaling the problem internally before it is solved): gradient-based
    ipopt.option_file_name (file name of options file (to overwrite default)): 
    ipopt.output_file (file name of desired output file (leave unset for no file output)): 
    ipopt.print_level (output verbosity level): 5
    ipopt.print_options_documentation (switch to print all algorithmic options): no
    ipopt.print_user_options (print all options set by the user): no
    ipopt.start_with_resto (tells algorithm to switch to restoration phase in first iteration): no
    ipopt.tol (desired convergence tolerance (relative)): 0.001
    max-iterations (number of iterations): 3000
