State cost evaluation:
[1](0.00)
State cost gradient:
[13](0.00,0.00,0.00,0.00,0.00,0.00,0.00,0.00,0.00,0.00,0.00,0.00,0.00)
Trajectory state (splitted):
[3](0.00,0.00,0.00)
[3](0.00,0.00,0.00)
Trajectory state (one call):
[6](0.00,0.00,0.00,0.00,0.00,0.00)
Trajectory state variation (splitted):
[3,13]((0.00,1.00,0.00,0.00,0.00,0.00,0.00,0.00,0.00,0.00,0.00,0.00,0.00),(0.00,0.00,1.00,0.00,0.00,0.00,0.00,0.00,0.00,0.00,0.00,0.00,0.00),(0.00,0.00,0.00,1.00,0.00,0.00,0.00,0.00,0.00,0.00,0.00,0.00,0.00))
[3,13]((0.00,0.00,0.00,0.00,0.00,0.00,0.00,0.00,0.00,0.00,0.00,0.00,0.00),(0.00,0.00,0.00,0.00,0.00,0.00,0.00,0.00,0.00,0.00,0.00,0.00,0.00),(0.00,0.00,0.00,0.00,0.00,0.00,0.00,0.00,0.00,0.00,0.00,0.00,0.00))
Trajectory state (one call):
[6,13]((0.00,1.00,0.00,0.00,0.00,0.00,0.00,0.00,0.00,0.00,0.00,0.00,0.00),(0.00,0.00,1.00,0.00,0.00,0.00,0.00,0.00,0.00,0.00,0.00,0.00,0.00),(0.00,0.00,0.00,1.00,0.00,0.00,0.00,0.00,0.00,0.00,0.00,0.00,0.00),(0.00,0.00,0.00,0.00,0.00,0.00,0.00,0.00,0.00,0.00,0.00,0.00,0.00),(0.00,0.00,0.00,0.00,0.00,0.00,0.00,0.00,0.00,0.00,0.00,0.00,0.00),(0.00,0.00,0.00,0.00,0.00,0.00,0.00,0.00,0.00,0.00,0.00,0.00,0.00))
Check frontal speed gradient.
Check orthogonal speed gradient.
Check state cost gradient.



State cost evaluation:
[1](5.86)
State cost gradient:
[13](3.91,-0.23,0.00,22.95,0.23,0.00,0.49,0.00,0.00,0.00,0.00,0.00,0.00)
Trajectory state (splitted):
[3](0.52,2.08,0.00)
[3](7.81,31.25,0.00)
Trajectory state (one call):
[6](0.52,2.08,0.00,7.81,31.25,0.00)
Trajectory state variation (splitted):
[3,13]((0.78,0.98,0.00,0.00,0.02,0.00,0.00,0.00,0.00,0.00,0.00,0.00,0.00),(3.12,0.00,0.98,0.00,0.00,0.02,0.00,0.00,0.00,0.00,0.00,0.00,0.00),(0.00,0.00,0.00,0.98,0.00,0.00,0.02,0.00,0.00,0.00,0.00,0.00,0.00))
[3,13]((11.72,-0.31,0.00,0.00,0.31,0.00,0.00,0.00,0.00,0.00,0.00,0.00,0.00),(46.88,0.00,-0.31,0.00,0.00,0.31,0.00,0.00,0.00,0.00,0.00,0.00,0.00),(0.00,0.00,0.00,-0.31,0.00,0.00,0.31,0.00,0.00,0.00,0.00,0.00,0.00))
Trajectory state (one call):
[6,13]((0.78,0.98,0.00,0.00,0.02,0.00,0.00,0.00,0.00,0.00,0.00,0.00,0.00),(3.12,0.00,0.98,0.00,0.00,0.02,0.00,0.00,0.00,0.00,0.00,0.00,0.00),(0.00,0.00,0.00,0.98,0.00,0.00,0.02,0.00,0.00,0.00,0.00,0.00,0.00),(11.72,-0.31,0.00,0.00,0.31,0.00,0.00,0.00,0.00,0.00,0.00,0.00,0.00),(46.88,0.00,-0.31,0.00,0.00,0.31,0.00,0.00,0.00,0.00,0.00,0.00,0.00),(0.00,0.00,0.00,-0.31,0.00,0.00,0.31,0.00,0.00,0.00,0.00,0.00,0.00))
Check frontal speed gradient.
Check orthogonal speed gradient.
Check state cost gradient.



State cost evaluation:
[1](23.44)
State cost gradient:
[13](15.62,-0.94,0.00,78.12,0.94,0.00,15.62,0.00,0.00,0.00,0.00,0.00,0.00)
Trajectory state (splitted):
[3](4.17,16.67,0.00)
[3](31.25,125.00,0.00)
Trajectory state (one call):
[6](4.17,16.67,0.00,31.25,125.00,0.00)
Trajectory state variation (splitted):
[3,13]((6.25,0.83,0.00,0.00,0.17,0.00,0.00,0.00,0.00,0.00,0.00,0.00,0.00),(25.00,0.00,0.83,0.00,0.00,0.17,0.00,0.00,0.00,0.00,0.00,0.00,0.00),(0.00,0.00,0.00,0.83,0.00,0.00,0.17,0.00,0.00,0.00,0.00,0.00,0.00))
[3,13]((46.88,-1.25,0.00,0.00,1.25,0.00,0.00,0.00,0.00,0.00,0.00,0.00,0.00),(187.50,0.00,-1.25,0.00,0.00,1.25,0.00,0.00,0.00,0.00,0.00,0.00,0.00),(0.00,0.00,0.00,-1.25,0.00,0.00,1.25,0.00,0.00,0.00,0.00,0.00,0.00))
Trajectory state (one call):
[6,13]((6.25,0.83,0.00,0.00,0.17,0.00,0.00,0.00,0.00,0.00,0.00,0.00,0.00),(25.00,0.00,0.83,0.00,0.00,0.17,0.00,0.00,0.00,0.00,0.00,0.00,0.00),(0.00,0.00,0.00,0.83,0.00,0.00,0.17,0.00,0.00,0.00,0.00,0.00,0.00),(46.88,-1.25,0.00,0.00,1.25,0.00,0.00,0.00,0.00,0.00,0.00,0.00,0.00),(187.50,0.00,-1.25,0.00,0.00,1.25,0.00,0.00,0.00,0.00,0.00,0.00,0.00),(0.00,0.00,0.00,-1.25,0.00,0.00,1.25,0.00,0.00,0.00,0.00,0.00,0.00))
Check frontal speed gradient.
Check orthogonal speed gradient.
Check state cost gradient.



State cost evaluation:
[1](46.87)
State cost gradient:
[13](31.25,-1.41,0.00,58.59,1.17,0.00,56.15,0.23,0.00,2.44,0.00,0.00,0.00)
Trajectory state (splitted):
[3](13.54,47.92,0.00)
[3](62.50,156.25,0.00)
Trajectory state (one call):
[6](13.54,47.92,0.00,62.50,156.25,0.00)
Trajectory state variation (splitted):
[3,13]((18.75,0.50,0.00,0.00,0.48,0.00,0.00,0.02,0.00,0.00,0.00,0.00,0.00),(46.88,0.00,0.50,0.00,0.00,0.48,0.00,0.00,0.02,0.00,0.00,0.00,0.00),(0.00,0.00,0.00,0.50,0.00,0.00,0.48,0.00,0.00,0.02,0.00,0.00,0.00))
[3,13]((78.12,-1.88,0.00,0.00,1.56,0.00,0.00,0.31,0.00,0.00,0.00,0.00,0.00),(-15.62,0.00,-1.88,0.00,0.00,1.56,0.00,0.00,0.31,0.00,0.00,0.00,0.00),(0.00,0.00,0.00,-1.88,0.00,0.00,1.56,0.00,0.00,0.31,0.00,0.00,0.00))
Trajectory state (one call):
[6,13]((18.75,0.50,0.00,0.00,0.48,0.00,0.00,0.02,0.00,0.00,0.00,0.00,0.00),(46.88,0.00,0.50,0.00,0.00,0.48,0.00,0.00,0.02,0.00,0.00,0.00,0.00),(0.00,0.00,0.00,0.50,0.00,0.00,0.48,0.00,0.00,0.02,0.00,0.00,0.00),(78.12,-1.88,0.00,0.00,1.56,0.00,0.00,0.31,0.00,0.00,0.00,0.00,0.00),(-15.62,0.00,-1.88,0.00,0.00,1.56,0.00,0.00,0.31,0.00,0.00,0.00,0.00),(0.00,0.00,0.00,-1.88,0.00,0.00,1.56,0.00,0.00,0.31,0.00,0.00,0.00))
Check frontal speed gradient.
Check orthogonal speed gradient.
Check state cost gradient.



State cost evaluation:
[1](70.31)
State cost gradient:
[13](46.88,-0.94,0.00,0.00,0.00,0.00,0.00,0.94,0.00,0.00,0.00,0.00,0.00)
Trajectory state (splitted):
[3](29.17,66.67,0.00)
[3](93.75,0.00,0.00)
Trajectory state (one call):
[6](29.17,66.67,0.00,93.75,0.00,0.00)
Trajectory state variation (splitted):
[3,13]((37.50,0.17,0.00,0.00,0.67,0.00,0.00,0.17,0.00,0.00,0.00,0.00,0.00),(0.00,0.00,0.17,0.00,0.00,0.67,0.00,0.00,0.17,0.00,0.00,0.00,0.00),(0.00,0.00,0.00,0.17,0.00,0.00,0.67,0.00,0.00,0.17,0.00,0.00,0.00))
[3,13]((109.37,-1.25,0.00,0.00,0.00,0.00,0.00,1.25,0.00,0.00,0.00,0.00,0.00),(-500.00,0.00,-1.25,0.00,0.00,0.00,0.00,0.00,1.25,0.00,0.00,0.00,0.00),(0.00,0.00,0.00,-1.25,0.00,0.00,0.00,0.00,0.00,1.25,0.00,0.00,0.00))
Trajectory state (one call):
[6,13]((37.50,0.17,0.00,0.00,0.67,0.00,0.00,0.17,0.00,0.00,0.00,0.00,0.00),(0.00,0.00,0.17,0.00,0.00,0.67,0.00,0.00,0.17,0.00,0.00,0.00,0.00),(0.00,0.00,0.00,0.17,0.00,0.00,0.67,0.00,0.00,0.17,0.00,0.00,0.00),(109.37,-1.25,0.00,0.00,0.00,0.00,0.00,1.25,0.00,0.00,0.00,0.00,0.00),(-500.00,0.00,-1.25,0.00,0.00,0.00,0.00,0.00,1.25,0.00,0.00,0.00,0.00),(0.00,0.00,0.00,-1.25,0.00,0.00,0.00,0.00,0.00,1.25,0.00,0.00,0.00))
Check frontal speed gradient.
Check orthogonal speed gradient.
Check state cost gradient.



State cost evaluation:
[1](82.03)
State cost gradient:
[13](54.69,-0.23,0.00,-1.95,-1.17,0.00,-44.92,1.17,0.00,-44.92,0.23,0.00,-1.95)
Trajectory state (splitted):
[3](50.00,50.00,0.00)
[3](109.38,-125.00,0.00)
Trajectory state (one call):
[6](50.00,50.00,0.00,109.38,-125.00,0.00)
Trajectory state variation (splitted):
[3,13]((54.69,0.02,0.00,0.00,0.48,0.00,0.00,0.48,0.00,0.00,0.02,0.00,0.00),(-62.50,0.00,0.02,0.00,0.00,0.48,0.00,0.00,0.48,0.00,0.00,0.02,0.00),(0.00,0.00,0.00,0.02,0.00,0.00,0.48,0.00,0.00,0.48,0.00,0.00,0.02))
[3,13]((54.69,-0.31,0.00,0.00,-1.56,0.00,0.00,1.56,0.00,0.00,0.31,0.00,0.00),(-62.50,0.00,-0.31,0.00,0.00,-1.56,0.00,0.00,1.56,0.00,0.00,0.31,0.00),(0.00,0.00,0.00,-0.31,0.00,0.00,-1.56,0.00,0.00,1.56,0.00,0.00,0.31))
Trajectory state (one call):
[6,13]((54.69,0.02,0.00,0.00,0.48,0.00,0.00,0.48,0.00,0.00,0.02,0.00,0.00),(-62.50,0.00,0.02,0.00,0.00,0.48,0.00,0.00,0.48,0.00,0.00,0.02,0.00),(0.00,0.00,0.00,0.02,0.00,0.00,0.48,0.00,0.00,0.48,0.00,0.00,0.02),(54.69,-0.31,0.00,0.00,-1.56,0.00,0.00,1.56,0.00,0.00,0.31,0.00,0.00),(-62.50,0.00,-0.31,0.00,0.00,-1.56,0.00,0.00,1.56,0.00,0.00,0.31,0.00),(0.00,0.00,0.00,-0.31,0.00,0.00,-1.56,0.00,0.00,1.56,0.00,0.00,0.31))
Check frontal speed gradient.
Check orthogonal speed gradient.
Check state cost gradient.



State cost evaluation:
[1](70.31)
State cost gradient:
[13](46.88,0.00,0.00,0.00,-0.94,0.00,0.00,0.00,0.00,0.00,0.94,0.00,0.00)
Trajectory state (splitted):
[3](70.83,33.33,0.00)
[3](93.75,0.00,0.00)
Trajectory state (one call):
[6](70.83,33.33,0.00,93.75,0.00,0.00)
Trajectory state variation (splitted):
[3,13]((56.25,0.00,0.00,0.00,0.17,0.00,0.00,0.67,0.00,0.00,0.17,0.00,0.00),(0.00,0.00,0.00,0.00,0.00,0.17,0.00,0.00,0.67,0.00,0.00,0.17,0.00),(0.00,0.00,0.00,0.00,0.00,0.00,0.17,0.00,0.00,0.67,0.00,0.00,0.17))
[3,13]((-46.87,0.00,0.00,0.00,-1.25,0.00,0.00,0.00,0.00,0.00,1.25,0.00,0.00),(750.00,0.00,0.00,0.00,0.00,-1.25,0.00,0.00,0.00,0.00,0.00,1.25,0.00),(0.00,0.00,0.00,0.00,0.00,0.00,-1.25,0.00,0.00,0.00,0.00,0.00,1.25))
Trajectory state (one call):
[6,13]((56.25,0.00,0.00,0.00,0.17,0.00,0.00,0.67,0.00,0.00,0.17,0.00,0.00),(0.00,0.00,0.00,0.00,0.00,0.17,0.00,0.00,0.67,0.00,0.00,0.17,0.00),(0.00,0.00,0.00,0.00,0.00,0.00,0.17,0.00,0.00,0.67,0.00,0.00,0.17),(-46.87,0.00,0.00,0.00,-1.25,0.00,0.00,0.00,0.00,0.00,1.25,0.00,0.00),(750.00,0.00,0.00,0.00,0.00,-1.25,0.00,0.00,0.00,0.00,0.00,1.25,0.00),(0.00,0.00,0.00,0.00,0.00,0.00,-1.25,0.00,0.00,0.00,0.00,0.00,1.25))
Check frontal speed gradient.
Check orthogonal speed gradient.
Check state cost gradient.



State cost evaluation:
[1](46.88)
State cost gradient:
[13](31.25,0.00,0.00,0.00,-0.23,0.00,2.44,-1.17,0.00,56.15,1.41,0.00,58.59)
Trajectory state (splitted):
[3](86.46,52.08,0.00)
[3](62.50,156.25,0.00)
Trajectory state (one call):
[6](86.46,52.08,0.00,62.50,156.25,0.00)
Trajectory state variation (splitted):
[3,13]((43.75,0.00,0.00,0.00,0.02,0.00,0.00,0.48,0.00,0.00,0.50,0.00,0.00),(109.37,0.00,0.00,0.00,0.00,0.02,0.00,0.00,0.48,0.00,0.00,0.50,0.00),(0.00,0.00,0.00,0.00,0.00,0.00,0.02,0.00,0.00,0.48,0.00,0.00,0.50))
[3,13]((-78.12,0.00,0.00,0.00,-0.31,0.00,0.00,-1.56,0.00,0.00,1.87,0.00,0.00),(296.88,0.00,0.00,0.00,0.00,-0.31,0.00,0.00,-1.56,0.00,0.00,1.87,0.00),(0.00,0.00,0.00,0.00,0.00,0.00,-0.31,0.00,0.00,-1.56,0.00,0.00,1.87))
Trajectory state (one call):
[6,13]((43.75,0.00,0.00,0.00,0.02,0.00,0.00,0.48,0.00,0.00,0.50,0.00,0.00),(109.37,0.00,0.00,0.00,0.00,0.02,0.00,0.00,0.48,0.00,0.00,0.50,0.00),(0.00,0.00,0.00,0.00,0.00,0.00,0.02,0.00,0.00,0.48,0.00,0.00,0.50),(-78.12,0.00,0.00,0.00,-0.31,0.00,0.00,-1.56,0.00,0.00,1.87,0.00,0.00),(296.88,0.00,0.00,0.00,0.00,-0.31,0.00,0.00,-1.56,0.00,0.00,1.87,0.00),(0.00,0.00,0.00,0.00,0.00,0.00,-0.31,0.00,0.00,-1.56,0.00,0.00,1.87))
Check frontal speed gradient.
Check orthogonal speed gradient.
Check state cost gradient.



State cost evaluation:
[1](23.44)
State cost gradient:
[13](15.62,0.00,0.00,0.00,0.00,0.00,0.00,-0.94,0.00,15.62,0.94,0.00,78.12)
Trajectory state (splitted):
[3](95.83,83.33,0.00)
[3](31.25,125.00,0.00)
Trajectory state (one call):
[6](95.83,83.33,0.00,31.25,125.00,0.00)
Trajectory state variation (splitted):
[3,13]((25.00,0.00,0.00,0.00,0.00,0.00,0.00,0.17,0.00,0.00,0.83,0.00,0.00),(100.00,0.00,0.00,0.00,0.00,0.00,0.00,0.00,0.17,0.00,0.00,0.83,0.00),(0.00,0.00,0.00,0.00,0.00,0.00,0.00,0.00,0.00,0.17,0.00,0.00,0.83))
[3,13]((-109.38,0.00,0.00,0.00,0.00,0.00,0.00,-1.25,0.00,0.00,1.25,0.00,0.00),(-437.50,0.00,0.00,0.00,0.00,0.00,0.00,0.00,-1.25,0.00,0.00,1.25,0.00),(0.00,0.00,0.00,0.00,0.00,0.00,0.00,0.00,0.00,-1.25,0.00,0.00,1.25))
Trajectory state (one call):
[6,13]((25.00,0.00,0.00,0.00,0.00,0.00,0.00,0.17,0.00,0.00,0.83,0.00,0.00),(100.00,0.00,0.00,0.00,0.00,0.00,0.00,0.00,0.17,0.00,0.00,0.83,0.00),(0.00,0.00,0.00,0.00,0.00,0.00,0.00,0.00,0.00,0.17,0.00,0.00,0.83),(-109.38,0.00,0.00,0.00,0.00,0.00,0.00,-1.25,0.00,0.00,1.25,0.00,0.00),(-437.50,0.00,0.00,0.00,0.00,0.00,0.00,0.00,-1.25,0.00,0.00,1.25,0.00),(0.00,0.00,0.00,0.00,0.00,0.00,0.00,0.00,0.00,-1.25,0.00,0.00,1.25))
Check frontal speed gradient.
Check orthogonal speed gradient.
Check state cost gradient.



State cost evaluation:
[1](5.86)
State cost gradient:
[13](3.91,0.00,0.00,0.00,0.00,0.00,0.00,-0.23,0.00,0.49,0.23,0.00,22.95)
Trajectory state (splitted):
[3](99.48,97.92,0.00)
[3](7.81,31.25,0.00)
Trajectory state (one call):
[6](99.48,97.92,0.00,7.81,31.25,0.00)
Trajectory state variation (splitted):
[3,13]((7.03,0.00,0.00,0.00,0.00,0.00,0.00,0.02,0.00,0.00,0.98,0.00,0.00),(28.12,0.00,0.00,0.00,0.00,0.00,0.00,0.00,0.02,0.00,0.00,0.98,0.00),(0.00,0.00,0.00,0.00,0.00,0.00,0.00,0.00,0.00,0.02,0.00,0.00,0.98))
[3,13]((-66.41,0.00,0.00,0.00,0.00,0.00,0.00,-0.31,0.00,0.00,0.31,0.00,0.00),(-265.62,0.00,0.00,0.00,0.00,0.00,0.00,0.00,-0.31,0.00,0.00,0.31,0.00),(0.00,0.00,0.00,0.00,0.00,0.00,0.00,0.00,0.00,-0.31,0.00,0.00,0.31))
Trajectory state (one call):
[6,13]((7.03,0.00,0.00,0.00,0.00,0.00,0.00,0.02,0.00,0.00,0.98,0.00,0.00),(28.12,0.00,0.00,0.00,0.00,0.00,0.00,0.00,0.02,0.00,0.00,0.98,0.00),(0.00,0.00,0.00,0.00,0.00,0.00,0.00,0.00,0.00,0.02,0.00,0.00,0.98),(-66.41,0.00,0.00,0.00,0.00,0.00,0.00,-0.31,0.00,0.00,0.31,0.00,0.00),(-265.62,0.00,0.00,0.00,0.00,0.00,0.00,0.00,-0.31,0.00,0.00,0.31,0.00),(0.00,0.00,0.00,0.00,0.00,0.00,0.00,0.00,0.00,-0.31,0.00,0.00,0.31))
Check frontal speed gradient.
Check orthogonal speed gradient.
Check state cost gradient.



