State cost evaluation:
[1](0.00)
State cost gradient:
[12](0.00,0.00,0.00,0.00,0.00,0.00,0.00,0.00,0.00,0.00,0.00,0.00)
Trajectory state (splitted):
[3](0.00,0.00,0.00)
[3](0.00,0.00,0.00)
Trajectory state (one call):
[6](0.00,0.00,0.00,0.00,0.00,0.00)
Trajectory state variation (splitted):
[3,12]((1.00,0.00,0.00,0.00,0.00,0.00,0.00,0.00,0.00,0.00,0.00,0.00),(0.00,1.00,0.00,0.00,0.00,0.00,0.00,0.00,0.00,0.00,0.00,0.00),(0.00,0.00,1.00,0.00,0.00,0.00,0.00,0.00,0.00,0.00,0.00,0.00))
[3,12]((0.00,0.00,0.00,0.00,0.00,0.00,0.00,0.00,0.00,0.00,0.00,0.00),(0.00,0.00,0.00,0.00,0.00,0.00,0.00,0.00,0.00,0.00,0.00,0.00),(0.00,0.00,0.00,0.00,0.00,0.00,0.00,0.00,0.00,0.00,0.00,0.00))
Trajectory state (one call):
[6,12]((1.00,0.00,0.00,0.00,0.00,0.00,0.00,0.00,0.00,0.00,0.00,0.00),(0.00,1.00,0.00,0.00,0.00,0.00,0.00,0.00,0.00,0.00,0.00,0.00),(0.00,0.00,1.00,0.00,0.00,0.00,0.00,0.00,0.00,0.00,0.00,0.00),(0.00,0.00,0.00,0.00,0.00,0.00,0.00,0.00,0.00,0.00,0.00,0.00),(0.00,0.00,0.00,0.00,0.00,0.00,0.00,0.00,0.00,0.00,0.00,0.00),(0.00,0.00,0.00,0.00,0.00,0.00,0.00,0.00,0.00,0.00,0.00,0.00))
Check frontal speed gradient.
Check orthogonal speed gradient.
Check state cost gradient.



State cost evaluation:
[1](3.91)
State cost gradient:
[12](-0.16,0.00,15.30,0.16,0.00,0.33,0.00,0.00,0.00,0.00,0.00,0.00)
Trajectory state (splitted):
[3](0.52,2.08,0.00)
[3](3.91,15.62,0.00)
Trajectory state (one call):
[6](0.52,2.08,0.00,3.91,15.62,0.00)
Trajectory state variation (splitted):
[3,12]((0.98,0.00,0.00,0.02,0.00,0.00,0.00,0.00,0.00,0.00,0.00,0.00),(0.00,0.98,0.00,0.00,0.02,0.00,0.00,0.00,0.00,0.00,0.00,0.00),(0.00,0.00,0.98,0.00,0.00,0.02,0.00,0.00,0.00,0.00,0.00,0.00))
[3,12]((-0.16,0.00,0.00,0.16,0.00,0.00,0.00,0.00,0.00,0.00,0.00,0.00),(0.00,-0.16,0.00,0.00,0.16,0.00,0.00,0.00,0.00,0.00,0.00,0.00),(0.00,0.00,-0.16,0.00,0.00,0.16,0.00,0.00,0.00,0.00,0.00,0.00))
Trajectory state (one call):
[6,12]((0.98,0.00,0.00,0.02,0.00,0.00,0.00,0.00,0.00,0.00,0.00,0.00),(0.00,0.98,0.00,0.00,0.02,0.00,0.00,0.00,0.00,0.00,0.00,0.00),(0.00,0.00,0.98,0.00,0.00,0.02,0.00,0.00,0.00,0.00,0.00,0.00),(-0.16,0.00,0.00,0.16,0.00,0.00,0.00,0.00,0.00,0.00,0.00,0.00),(0.00,-0.16,0.00,0.00,0.16,0.00,0.00,0.00,0.00,0.00,0.00,0.00),(0.00,0.00,-0.16,0.00,0.00,0.16,0.00,0.00,0.00,0.00,0.00,0.00))
Check frontal speed gradient.
Check orthogonal speed gradient.
Check state cost gradient.



State cost evaluation:
[1](15.62)
State cost gradient:
[12](-0.62,0.00,52.08,0.62,0.00,10.42,0.00,0.00,0.00,0.00,0.00,0.00)
Trajectory state (splitted):
[3](4.17,16.67,0.00)
[3](15.62,62.50,0.00)
Trajectory state (one call):
[6](4.17,16.67,0.00,15.62,62.50,0.00)
Trajectory state variation (splitted):
[3,12]((0.83,0.00,0.00,0.17,0.00,0.00,0.00,0.00,0.00,0.00,0.00,0.00),(0.00,0.83,0.00,0.00,0.17,0.00,0.00,0.00,0.00,0.00,0.00,0.00),(0.00,0.00,0.83,0.00,0.00,0.17,0.00,0.00,0.00,0.00,0.00,0.00))
[3,12]((-0.62,0.00,0.00,0.62,0.00,0.00,0.00,0.00,0.00,0.00,0.00,0.00),(0.00,-0.62,0.00,0.00,0.62,0.00,0.00,0.00,0.00,0.00,0.00,0.00),(0.00,0.00,-0.62,0.00,0.00,0.62,0.00,0.00,0.00,0.00,0.00,0.00))
Trajectory state (one call):
[6,12]((0.83,0.00,0.00,0.17,0.00,0.00,0.00,0.00,0.00,0.00,0.00,0.00),(0.00,0.83,0.00,0.00,0.17,0.00,0.00,0.00,0.00,0.00,0.00,0.00),(0.00,0.00,0.83,0.00,0.00,0.17,0.00,0.00,0.00,0.00,0.00,0.00),(-0.62,0.00,0.00,0.62,0.00,0.00,0.00,0.00,0.00,0.00,0.00,0.00),(0.00,-0.62,0.00,0.00,0.62,0.00,0.00,0.00,0.00,0.00,0.00,0.00),(0.00,0.00,-0.62,0.00,0.00,0.62,0.00,0.00,0.00,0.00,0.00,0.00))
Check frontal speed gradient.
Check orthogonal speed gradient.
Check state cost gradient.



State cost evaluation:
[1](31.25)
State cost gradient:
[12](-0.94,0.00,39.06,0.78,0.00,37.43,0.16,0.00,1.63,0.00,0.00,0.00)
Trajectory state (splitted):
[3](13.54,47.92,0.00)
[3](31.25,78.13,0.00)
Trajectory state (one call):
[6](13.54,47.92,0.00,31.25,78.13,0.00)
Trajectory state variation (splitted):
[3,12]((0.50,0.00,0.00,0.48,0.00,0.00,0.02,0.00,0.00,0.00,0.00,0.00),(0.00,0.50,0.00,0.00,0.48,0.00,0.00,0.02,0.00,0.00,0.00,0.00),(0.00,0.00,0.50,0.00,0.00,0.48,0.00,0.00,0.02,0.00,0.00,0.00))
[3,12]((-0.94,0.00,0.00,0.78,0.00,0.00,0.16,0.00,0.00,0.00,0.00,0.00),(0.00,-0.94,0.00,0.00,0.78,0.00,0.00,0.16,0.00,0.00,0.00,0.00),(0.00,0.00,-0.94,0.00,0.00,0.78,0.00,0.00,0.16,0.00,0.00,0.00))
Trajectory state (one call):
[6,12]((0.50,0.00,0.00,0.48,0.00,0.00,0.02,0.00,0.00,0.00,0.00,0.00),(0.00,0.50,0.00,0.00,0.48,0.00,0.00,0.02,0.00,0.00,0.00,0.00),(0.00,0.00,0.50,0.00,0.00,0.48,0.00,0.00,0.02,0.00,0.00,0.00),(-0.94,0.00,0.00,0.78,0.00,0.00,0.16,0.00,0.00,0.00,0.00,0.00),(0.00,-0.94,0.00,0.00,0.78,0.00,0.00,0.16,0.00,0.00,0.00,0.00),(0.00,0.00,-0.94,0.00,0.00,0.78,0.00,0.00,0.16,0.00,0.00,0.00))
Check frontal speed gradient.
Check orthogonal speed gradient.
Check state cost gradient.



State cost evaluation:
[1](46.88)
State cost gradient:
[12](-0.62,0.00,0.00,0.00,0.00,0.00,0.62,0.00,0.00,0.00,0.00,0.00)
Trajectory state (splitted):
[3](29.17,66.67,0.00)
[3](46.88,0.00,0.00)
Trajectory state (one call):
[6](29.17,66.67,0.00,46.88,0.00,0.00)
Trajectory state variation (splitted):
[3,12]((0.17,0.00,0.00,0.67,0.00,0.00,0.17,0.00,0.00,0.00,0.00,0.00),(0.00,0.17,0.00,0.00,0.67,0.00,0.00,0.17,0.00,0.00,0.00,0.00),(0.00,0.00,0.17,0.00,0.00,0.67,0.00,0.00,0.17,0.00,0.00,0.00))
[3,12]((-0.62,0.00,0.00,0.00,0.00,0.00,0.62,0.00,0.00,0.00,0.00,0.00),(0.00,-0.62,0.00,0.00,0.00,0.00,0.00,0.62,0.00,0.00,0.00,0.00),(0.00,0.00,-0.62,0.00,0.00,0.00,0.00,0.00,0.62,0.00,0.00,0.00))
Trajectory state (one call):
[6,12]((0.17,0.00,0.00,0.67,0.00,0.00,0.17,0.00,0.00,0.00,0.00,0.00),(0.00,0.17,0.00,0.00,0.67,0.00,0.00,0.17,0.00,0.00,0.00,0.00),(0.00,0.00,0.17,0.00,0.00,0.67,0.00,0.00,0.17,0.00,0.00,0.00),(-0.62,0.00,0.00,0.00,0.00,0.00,0.62,0.00,0.00,0.00,0.00,0.00),(0.00,-0.62,0.00,0.00,0.00,0.00,0.00,0.62,0.00,0.00,0.00,0.00),(0.00,0.00,-0.62,0.00,0.00,0.00,0.00,0.00,0.62,0.00,0.00,0.00))
Check frontal speed gradient.
Check orthogonal speed gradient.
Check state cost gradient.



State cost evaluation:
[1](54.69)
State cost gradient:
[12](-0.16,0.00,-1.30,-0.78,0.00,-29.95,0.78,0.00,-29.95,0.16,0.00,-1.30)
Trajectory state (splitted):
[3](50.00,50.00,0.00)
[3](54.69,-62.50,0.00)
Trajectory state (one call):
[6](50.00,50.00,0.00,54.69,-62.50,0.00)
Trajectory state variation (splitted):
[3,12]((0.02,0.00,0.00,0.48,0.00,0.00,0.48,0.00,0.00,0.02,0.00,0.00),(0.00,0.02,0.00,0.00,0.48,0.00,0.00,0.48,0.00,0.00,0.02,0.00),(0.00,0.00,0.02,0.00,0.00,0.48,0.00,0.00,0.48,0.00,0.00,0.02))
[3,12]((-0.16,0.00,0.00,-0.78,0.00,0.00,0.78,0.00,0.00,0.16,0.00,0.00),(0.00,-0.16,0.00,0.00,-0.78,0.00,0.00,0.78,0.00,0.00,0.16,0.00),(0.00,0.00,-0.16,0.00,0.00,-0.78,0.00,0.00,0.78,0.00,0.00,0.16))
Trajectory state (one call):
[6,12]((0.02,0.00,0.00,0.48,0.00,0.00,0.48,0.00,0.00,0.02,0.00,0.00),(0.00,0.02,0.00,0.00,0.48,0.00,0.00,0.48,0.00,0.00,0.02,0.00),(0.00,0.00,0.02,0.00,0.00,0.48,0.00,0.00,0.48,0.00,0.00,0.02),(-0.16,0.00,0.00,-0.78,0.00,0.00,0.78,0.00,0.00,0.16,0.00,0.00),(0.00,-0.16,0.00,0.00,-0.78,0.00,0.00,0.78,0.00,0.00,0.16,0.00),(0.00,0.00,-0.16,0.00,0.00,-0.78,0.00,0.00,0.78,0.00,0.00,0.16))
Check frontal speed gradient.
Check orthogonal speed gradient.
Check state cost gradient.



State cost evaluation:
[1](46.88)
State cost gradient:
[12](0.00,0.00,-0.00,-0.63,0.00,-0.00,0.00,0.00,-0.00,0.62,0.00,-0.00)
Trajectory state (splitted):
[3](70.83,33.33,0.00)
[3](46.88,-0.00,0.00)
Trajectory state (one call):
[6](70.83,33.33,0.00,46.88,-0.00,0.00)
Trajectory state variation (splitted):
[3,12]((0.00,0.00,0.00,0.17,0.00,0.00,0.67,0.00,0.00,0.17,0.00,0.00),(0.00,0.00,0.00,0.00,0.17,0.00,0.00,0.67,0.00,0.00,0.17,0.00),(0.00,0.00,0.00,0.00,0.00,0.17,0.00,0.00,0.67,0.00,0.00,0.17))
[3,12]((0.00,0.00,0.00,-0.63,0.00,0.00,0.00,0.00,0.00,0.62,0.00,0.00),(0.00,0.00,0.00,0.00,-0.63,0.00,0.00,0.00,0.00,0.00,0.62,0.00),(0.00,0.00,0.00,0.00,0.00,-0.63,0.00,0.00,0.00,0.00,0.00,0.62))
Trajectory state (one call):
[6,12]((0.00,0.00,0.00,0.17,0.00,0.00,0.67,0.00,0.00,0.17,0.00,0.00),(0.00,0.00,0.00,0.00,0.17,0.00,0.00,0.67,0.00,0.00,0.17,0.00),(0.00,0.00,0.00,0.00,0.00,0.17,0.00,0.00,0.67,0.00,0.00,0.17),(0.00,0.00,0.00,-0.63,0.00,0.00,0.00,0.00,0.00,0.62,0.00,0.00),(0.00,0.00,0.00,0.00,-0.63,0.00,0.00,0.00,0.00,0.00,0.62,0.00),(0.00,0.00,0.00,0.00,0.00,-0.63,0.00,0.00,0.00,0.00,0.00,0.62))
Check frontal speed gradient.
Check orthogonal speed gradient.
Check state cost gradient.



State cost evaluation:
[1](31.25)
State cost gradient:
[12](0.00,0.00,0.00,-0.16,0.00,1.63,-0.78,0.00,37.43,0.94,0.00,39.06)
Trajectory state (splitted):
[3](86.46,52.08,0.00)
[3](31.25,78.12,0.00)
Trajectory state (one call):
[6](86.46,52.08,0.00,31.25,78.12,0.00)
Trajectory state variation (splitted):
[3,12]((0.00,0.00,0.00,0.02,0.00,0.00,0.48,0.00,0.00,0.50,0.00,0.00),(0.00,0.00,0.00,0.00,0.02,0.00,0.00,0.48,0.00,0.00,0.50,0.00),(0.00,0.00,0.00,0.00,0.00,0.02,0.00,0.00,0.48,0.00,0.00,0.50))
[3,12]((0.00,0.00,0.00,-0.16,0.00,0.00,-0.78,0.00,0.00,0.94,0.00,0.00),(0.00,0.00,0.00,0.00,-0.16,0.00,0.00,-0.78,0.00,0.00,0.94,0.00),(0.00,0.00,0.00,0.00,0.00,-0.16,0.00,0.00,-0.78,0.00,0.00,0.94))
Trajectory state (one call):
[6,12]((0.00,0.00,0.00,0.02,0.00,0.00,0.48,0.00,0.00,0.50,0.00,0.00),(0.00,0.00,0.00,0.00,0.02,0.00,0.00,0.48,0.00,0.00,0.50,0.00),(0.00,0.00,0.00,0.00,0.00,0.02,0.00,0.00,0.48,0.00,0.00,0.50),(0.00,0.00,0.00,-0.16,0.00,0.00,-0.78,0.00,0.00,0.94,0.00,0.00),(0.00,0.00,0.00,0.00,-0.16,0.00,0.00,-0.78,0.00,0.00,0.94,0.00),(0.00,0.00,0.00,0.00,0.00,-0.16,0.00,0.00,-0.78,0.00,0.00,0.94))
Check frontal speed gradient.
Check orthogonal speed gradient.
Check state cost gradient.



State cost evaluation:
[1](15.62)
State cost gradient:
[12](0.00,0.00,0.00,0.00,0.00,0.00,-0.62,0.00,10.42,0.62,0.00,52.08)
Trajectory state (splitted):
[3](95.83,83.33,0.00)
[3](15.62,62.50,0.00)
Trajectory state (one call):
[6](95.83,83.33,0.00,15.62,62.50,0.00)
Trajectory state variation (splitted):
[3,12]((0.00,0.00,0.00,0.00,0.00,0.00,0.17,0.00,0.00,0.83,0.00,0.00),(0.00,0.00,0.00,0.00,0.00,0.00,0.00,0.17,0.00,0.00,0.83,0.00),(0.00,0.00,0.00,0.00,0.00,0.00,0.00,0.00,0.17,0.00,0.00,0.83))
[3,12]((0.00,0.00,0.00,0.00,0.00,0.00,-0.62,0.00,0.00,0.62,0.00,0.00),(0.00,0.00,0.00,0.00,0.00,0.00,0.00,-0.62,0.00,0.00,0.62,0.00),(0.00,0.00,0.00,0.00,0.00,0.00,0.00,0.00,-0.62,0.00,0.00,0.62))
Trajectory state (one call):
[6,12]((0.00,0.00,0.00,0.00,0.00,0.00,0.17,0.00,0.00,0.83,0.00,0.00),(0.00,0.00,0.00,0.00,0.00,0.00,0.00,0.17,0.00,0.00,0.83,0.00),(0.00,0.00,0.00,0.00,0.00,0.00,0.00,0.00,0.17,0.00,0.00,0.83),(0.00,0.00,0.00,0.00,0.00,0.00,-0.62,0.00,0.00,0.62,0.00,0.00),(0.00,0.00,0.00,0.00,0.00,0.00,0.00,-0.62,0.00,0.00,0.62,0.00),(0.00,0.00,0.00,0.00,0.00,0.00,0.00,0.00,-0.62,0.00,0.00,0.62))
Check frontal speed gradient.
Check orthogonal speed gradient.
Check state cost gradient.



State cost evaluation:
[1](3.91)
State cost gradient:
[12](0.00,0.00,0.00,0.00,0.00,0.00,-0.16,0.00,0.33,0.16,0.00,15.30)
Trajectory state (splitted):
[3](99.48,97.92,0.00)
[3](3.91,15.62,0.00)
Trajectory state (one call):
[6](99.48,97.92,0.00,3.91,15.62,0.00)
Trajectory state variation (splitted):
[3,12]((0.00,0.00,0.00,0.00,0.00,0.00,0.02,0.00,0.00,0.98,0.00,0.00),(0.00,0.00,0.00,0.00,0.00,0.00,0.00,0.02,0.00,0.00,0.98,0.00),(0.00,0.00,0.00,0.00,0.00,0.00,0.00,0.00,0.02,0.00,0.00,0.98))
[3,12]((0.00,0.00,0.00,0.00,0.00,0.00,-0.16,0.00,0.00,0.16,0.00,0.00),(0.00,0.00,0.00,0.00,0.00,0.00,0.00,-0.16,0.00,0.00,0.16,0.00),(0.00,0.00,0.00,0.00,0.00,0.00,0.00,0.00,-0.16,0.00,0.00,0.16))
Trajectory state (one call):
[6,12]((0.00,0.00,0.00,0.00,0.00,0.00,0.02,0.00,0.00,0.98,0.00,0.00),(0.00,0.00,0.00,0.00,0.00,0.00,0.00,0.02,0.00,0.00,0.98,0.00),(0.00,0.00,0.00,0.00,0.00,0.00,0.00,0.00,0.02,0.00,0.00,0.98),(0.00,0.00,0.00,0.00,0.00,0.00,-0.16,0.00,0.00,0.16,0.00,0.00),(0.00,0.00,0.00,0.00,0.00,0.00,0.00,-0.16,0.00,0.00,0.16,0.00),(0.00,0.00,0.00,0.00,0.00,0.00,0.00,0.00,-0.16,0.00,0.00,0.16))
Check frontal speed gradient.
Check orthogonal speed gradient.
Check state cost gradient.



